###############################################################################
#
# IAR UBROF Linker V10.15.2.1487                          18/Apr/2024  18:46:19
# Copyright 1987-2023 IAR Systems AB.
#
#    Target Cpu    =  MSP430
#    Map file      =
#        "C:\Users\dong\Desktop\MSP430
#        Code\test_dilithium5_yb\Debug\List\test_dilithium5_yb.map"
#    Output file 1 =
#        "C:\Users\dong\Desktop\MSP430
#        Code\test_dilithium5_yb\Debug\Exe\test_dilithium5_yb.d43"
#                  =  Format: debug
#                  =  UBROF version 11.1.1
#                  =  Using library modules for C-SPY (-rt)
#    Command line  =
#        -f "C:\Users\dong\Desktop\MSP430
#        Code\test_dilithium5_yb\Debug\Exe\test_dilithium5_yb.d43.rsp"
#        ("C:\Users\dong\Desktop\MSP430
#        Code\test_dilithium5_yb\Debug\Obj\asm_basemul_fnt_mont.r43"
#        "C:\Users\dong\Desktop\MSP430
#        Code\test_dilithium5_yb\Debug\Obj\asm_fnt_mont.r43"
#        "C:\Users\dong\Desktop\MSP430
#        Code\test_dilithium5_yb\Debug\Obj\asm_invfnt_mont.r43"
#        "C:\Users\dong\Desktop\MSP430
#        Code\test_dilithium5_yb\Debug\Obj\asm_InvNTT.r43"
#        "C:\Users\dong\Desktop\MSP430
#        Code\test_dilithium5_yb\Debug\Obj\asm_NTT.r43"
#        "C:\Users\dong\Desktop\MSP430
#        Code\test_dilithium5_yb\Debug\Obj\asm_reduce.r43"
#        "C:\Users\dong\Desktop\MSP430
#        Code\test_dilithium5_yb\Debug\Obj\dil2_basemul.r43"
#        "C:\Users\dong\Desktop\MSP430
#        Code\test_dilithium5_yb\Debug\Obj\fips202.r43"
#        "C:\Users\dong\Desktop\MSP430
#        Code\test_dilithium5_yb\Debug\Obj\fnt_main.r43"
#        "C:\Users\dong\Desktop\MSP430
#        Code\test_dilithium5_yb\Debug\Obj\main.r43"
#        "C:\Users\dong\Desktop\MSP430
#        Code\test_dilithium5_yb\Debug\Obj\ntt.r43"
#        "C:\Users\dong\Desktop\MSP430
#        Code\test_dilithium5_yb\Debug\Obj\packing.r43"
#        "C:\Users\dong\Desktop\MSP430
#        Code\test_dilithium5_yb\Debug\Obj\poly.r43"
#        "C:\Users\dong\Desktop\MSP430
#        Code\test_dilithium5_yb\Debug\Obj\polyvec.r43"
#        "C:\Users\dong\Desktop\MSP430
#        Code\test_dilithium5_yb\Debug\Obj\randombytes.r43"
#        "C:\Users\dong\Desktop\MSP430
#        Code\test_dilithium5_yb\Debug\Obj\reduce.r43"
#        "C:\Users\dong\Desktop\MSP430
#        Code\test_dilithium5_yb\Debug\Obj\rounding.r43"
#        "C:\Users\dong\Desktop\MSP430
#        Code\test_dilithium5_yb\Debug\Obj\sign.r43"
#        "C:\Users\dong\Desktop\MSP430
#        Code\test_dilithium5_yb\Debug\Obj\symmetric-shake.r43" --output
#        "C:\Users\dong\Desktop\MSP430
#        Code\test_dilithium5_yb\Debug\Exe\test_dilithium5_yb.d43" -l
#        "C:\Users\dong\Desktop\MSP430
#        Code\test_dilithium5_yb\Debug\List\test_dilithium5_yb.map" -xams
#        "-IC:\Program Files\IAR Systems\Embedded Workbench 9.1\430\LIB\\" --f
#        "C:\Program Files\IAR Systems\Embedded Workbench
#        9.1\430\config\linker\lnk430f67791.xcl" (-cmsp430 -QCODE_I=CODE_ID
#        -QTLS16_I=TLS16_ID -D__iar_HWMUL=4C0 "-Z(CONST)INFO=1800-19FF"
#        "-Z(CONST)INFOA=1980-19FF" "-Z(CONST)INFOB=1900-197F"
#        "-Z(CONST)INFOC=1880-18FF" "-Z(CONST)INFOD=1800-187F"
#        "-Z(DATA)DATA16_I,DATA16_Z,DATA16_N,TLS16_I=1C00-9BFF"
#        "-Z(DATA)DATA16_HEAP+_DATA16_HEAP_SIZE" "-Z(DATA)CODE_I"
#        "-Z(DATA)DATA20_I,DATA20_Z,DATA20_N,DATA20_HEAP+_DATA20_HEAP_SIZE"
#        "-Z(DATA)CSTACK+_STACK_SIZE#"
#        "-Z(CONST)DATA16_C,DATA16_ID,TLS16_ID,DIFUNCT,CHECKSUM=C000-FF7F"
#        "-Z(CODE)CSTART,ISR_CODE,CODE16=C000-FF7F"
#        "-P(CODE)CODE=C000-FF7F,10000-8BFF7"
#        "-Z(CONST)DATA20_C,DATA20_ID,CODE_ID=C000-FF7F,10040-8BFF7"
#        "-Z(CODE)INTVEC=FF80-FFFF" "-Z(CODE)RESET=FFFE-FFFF") -f "C:\Program
#        Files\IAR Systems\Embedded Workbench
#        9.1\430\config\linker\multiplier32.xcl" (-e?Mul8Hw=?Mul8
#        -e?Mul16Hw=?Mul16 -e?Mul16to32uHw=?Mul16to32u
#        -e?Mul16to32sHw=?Mul16to32s -e?Mul32Hw32=?Mul32 -e?Mul64Hw32=_Mul64i
#        -e?Mul32u32uto64iHw32=_Mul32u32uto64i -e?Mul32fHw32=_Mul32f
#        -e_Mul64fHw32Ptr=_Mul64fPtr) -D_STACK_SIZE=7D00 -rt "C:\Program
#        Files\IAR Systems\Embedded Workbench 9.1\430\lib\dlib\dl430xlmfn.r43"
#        -e_PrintfLarge=_Printf -e_ScanfLarge=_Scanf -D_DATA16_HEAP_SIZE=7D0
#        --entry __program_start -D_DATA20_HEAP_SIZE=50 --text_out locale)
#
###############################################################################






                ****************************************
                *                                      *
                *            PROGRAM ENTRY             *
                *                                      *
                ****************************************

  ADDRESS  SPACE  TYPE         MODULE
  -------  -----  ----         ------
   0xC4E0         Relocatable  ?cstart




                ****************************************
                *                                      *
                *            RUNTIME MODEL             *
                *                                      *
                ****************************************

  ATTRIBUTE                   VALUE
  ---------                   -----
  __Heap_Handler              Basic
  __SystemLibrary             DLib
  __code_model                large
  __core                      430X
  __data_model                medium
  __dlib_file_descriptor      0
  __dlib_full_locale_support  0
  __double_size               32
  __pic                       no
  __reg_r4                    free
  __reg_r5                    free
  __rt_version                3


                ****************************************
                *                                      *
                *    AUTOMATIC SYMBOL REDIRECTIONS     *
                *                                      *
                ****************************************

                   There are no automatic symbol redirections.



                ****************************************
                *                                      *
                *              ENTRY LIST              *
                *                                      *
                ****************************************

ENTRY                           SPACE  ADDRESS     KIND  TYPE  MODULE
-----                           -----  -------     ----  ----  ------
__MSP430F6745__                            0x0000  Loc         asm_basemul_fnt_mont
__MSP430F6745__                            0x0000  Loc         asm_fnt_mont
__MSP430F6745__                            0x0000  Loc         asm_invfnt_mont
__MSP430F6745__                            0x0000  Loc         asm_InvNTT
__MSP430F6745__                            0x0000  Loc         asm_NTT
__MSP430F6745__                            0x0000  Loc         asm_reduce
__MSP430F6745__                            0x0000  Loc         dil2_basemul
_DATA20_HEAP_SIZE                          0x0050  Pub         ?ABS_ENTRY_MOD [0]
__iar_HWMUL                                0x04C0  Pub         ?ABS_ENTRY_MOD [0]
_DATA16_HEAP_SIZE                          0x07D0  Pub         ?ABS_ENTRY_MOD [0]
ret                                        0x1C00  Pub   Data  main
_STACK_SIZE                                0x7D00  Pub         ?ABS_ENTRY_MOD [0]
KeccakF_RoundConstants                     0xC000  Loc   Data  fips202
zetas                                      0xC0C0  Loc   Data  ntt
__program_start                            0xC4E0  Pub         ?cstart [1]
?cstart_begin                              0xC4E0  Pub         ?cstart [1]
?cstart_init_zero                          0xC4E4  Pub         ?cstart [1]
?cstart_call_main                          0xC4F0  Pub         ?cstart [1]
keccak_absorb                              0xC4F8  Loc   Code  fips202
?cstart_end                                0xC4F8  Pub         ?cstart [1]
asm_invfnt_merging                         0xEB48  Pub   Code  asm_invfnt_mont
layer12_merge_out                          0xEB64  Loc         asm_invfnt_mont
layer12_merge_in                           0xEB70  Loc         asm_invfnt_mont
layer34_merge_out                          0xEC88  Loc         asm_invfnt_mont
layer34_merge_in                           0xEC94  Loc         asm_invfnt_mont
layer57_merge                              0xEDA6  Loc         asm_invfnt_mont
layer57_merge2                             0xEFD6  Loc         asm_invfnt_mont
final_barrett_reduction                    0xF0E4  Loc         asm_invfnt_mont
crypto_sign_verify                         0xF3C6  Pub   Code  sign
asm_fnt_merging                            0xF7D0  Pub   Code  asm_fnt_mont
layer13_merge                              0xF7EA  Loc         asm_fnt_mont
layer45_merge_out                          0xF96C  Loc         asm_fnt_mont
layer45_merge_in                           0xF972  Loc         asm_fnt_mont
layer67_merge_out                          0xFA88  Loc         asm_fnt_mont
layer67_merge_in                           0xFA8E  Loc         asm_fnt_mont
shake128_inc_init                          0xFBA8  Pub   Code  fips202
shake128_inc_absorb                        0xFBAA  Pub   Code  fips202
?Subroutine2                               0xFBB2  Loc         fips202
shake128_inc_finalize                      0xFBC2  Pub   Code  fips202
?Subroutine1                               0xFBFE  Loc         fips202
shake128_inc_squeeze                       0xFC12  Pub   Code  fips202
?Subroutine6                               0xFC18  Loc         fips202
shake128_inc_ctx_release                   0xFC1E  Pub   Code  fips202
shake256_inc_init                          0xFC20  Pub   Code  fips202
shake256_inc_absorb                        0xFC22  Pub   Code  fips202
shake256_inc_finalize                      0xFC26  Pub   Code  fips202
shake256_inc_squeeze                       0xFC66  Pub   Code  fips202
shake256_inc_ctx_release                   0xFC76  Pub   Code  fips202
shake256                                   0xFC78  Pub   Code  fips202
?Subroutine0                               0xFD3A  Loc         fips202
ntt                                        0xFD86  Pub   Code  ntt
?Subroutine0                               0xFE2E  Loc         ntt
invntt_tomont                              0xFE36  Pub   Code  ntt
caddq                                      0xFF4E  Pub   Code  reduce
exit                                       0xFF7C  Pub   Code  ?exit [1]
?reset_vector                              0xFFFE  Pub         ?reset_vector [1]
asm_invntt_merging                     0x00010000  Pub         asm_InvNTT
layer12_merge                          0x00010012  Loc         asm_InvNTT
layer34_merge                          0x0001807E  Loc         asm_InvNTT
poly34_1                               0x0001807E  Loc         asm_InvNTT
poly34_2                               0x0001828A  Loc         asm_InvNTT
poly34_3                               0x00018496  Loc         asm_InvNTT
poly34_4                               0x0001869E  Loc         asm_InvNTT
poly34_5                               0x000188AA  Loc         asm_InvNTT
poly34_6                               0x00018AB6  Loc         asm_InvNTT
poly34_7                               0x00018CC2  Loc         asm_InvNTT
poly34_8                               0x00018ECE  Loc         asm_InvNTT
poly34_9                               0x000190DA  Loc         asm_InvNTT
poly34_10                              0x000192E4  Loc         asm_InvNTT
poly34_11                              0x000194EE  Loc         asm_InvNTT
poly34_12                              0x000196FA  Loc         asm_InvNTT
poly34_13                              0x00019902  Loc         asm_InvNTT
poly34_14                              0x00019B0E  Loc         asm_InvNTT
poly34_15                              0x00019D1A  Loc         asm_InvNTT
poly34_16                              0x00019F26  Loc         asm_InvNTT
layer56_merge                          0x0001A132  Loc         asm_InvNTT
poly56_1                               0x0001A132  Loc         asm_InvNTT
poly56_2                               0x0001A33E  Loc         asm_InvNTT
poly56_3                               0x0001A54A  Loc         asm_InvNTT
poly56_4                               0x0001A756  Loc         asm_InvNTT
layer78_merge                          0x0001A962  Loc         asm_InvNTT
last_mont                              0x0001AB62  Loc         asm_InvNTT
loop_N                                 0x0001AB72  Loc         asm_InvNTT
asm_ntt_merging                        0x0001ABF4  Pub         asm_NTT
layer12_merge                          0x0001AC12  Loc         asm_NTT
layer34_merge                          0x0001AE0A  Loc         asm_NTT
poly34_1                               0x0001AE0A  Loc         asm_NTT
poly34_2                               0x0001B006  Loc         asm_NTT
poly34_3                               0x0001B202  Loc         asm_NTT
poly34_4                               0x0001B3FE  Loc         asm_NTT
layer56_merge                          0x0001B5FA  Loc         asm_NTT
poly56_1                               0x0001B5FA  Loc         asm_NTT
poly56_2                               0x0001B7F4  Loc         asm_NTT
poly56_3                               0x0001B9F0  Loc         asm_NTT
poly56_4                               0x0001BBEC  Loc         asm_NTT
poly56_5                               0x0001BDE8  Loc         asm_NTT
poly56_6                               0x0001BFE4  Loc         asm_NTT
poly56_7                               0x0001C1E0  Loc         asm_NTT
poly56_8                               0x0001C3DC  Loc         asm_NTT
poly56_9                               0x0001C5D8  Loc         asm_NTT
poly56_10                              0x0001C7D4  Loc         asm_NTT
poly56_11                              0x0001C9D0  Loc         asm_NTT
poly56_12                              0x0001CBCC  Loc         asm_NTT
poly56_13                              0x0001CDC8  Loc         asm_NTT
poly56_14                              0x0001CFC2  Loc         asm_NTT
poly56_15                              0x0001D1BA  Loc         asm_NTT
poly56_16                              0x0001D3B6  Loc         asm_NTT
layer78_merge                          0x0001D5AA  Loc         asm_NTT
KeccakF1600_StatePermute               0x0002521C  Loc   Code  fips202
asm_pointwise_fnt                      0x00027598  Pub   Code  asm_basemul_fnt_mont
round1                                 0x000275AE  Loc         asm_basemul_fnt_mont
round2                                 0x0002766C  Loc         asm_basemul_fnt_mont
poly_challenge                         0x00027754  Pub   Code  poly
keccak_inc_absorb                      0x0002789E  Loc   Code  fips202
keccak_inc_squeeze                     0x000279E0  Loc   Code  fips202
poly_uniform                           0x00027B1E  Pub   Code  poly
poly_chknorm                           0x00027C52  Pub   Code  poly
polyvecl_ntt                           0x00027D2A  Pub   Code  polyvec
?Subroutine4                           0x00027D68  Loc         polyvec
polyvecl_chknorm                       0x00027D72  Pub   Code  polyvec
use_hint                               0x00027DF8  Pub   Code  rounding
keccak_squeezeblocks                   0x00027EB0  Loc   Code  fips202
asm_poly_pointwise_mont                0x00027F64  Pub         dil2_basemul
f_start                                0x00027F92  Loc         dil2_basemul
unpack_pk_rho                          0x00028016  Pub   Code  packing
unpack_sig_c_z                         0x00028034  Pub   Code  packing
poly_shiftl                            0x000280C6  Pub   Code  poly
polyz_unpack                           0x00028176  Pub   Code  poly
polyt1_unpack                          0x00028206  Pub   Code  poly
asm_poly_reduce32                      0x00028290  Pub         asm_reduce
reduce32_start                         0x000282BE  Loc         asm_reduce
rej_uniform                            0x00028314  Loc   Code  poly
montgomery_reduce                      0x00028376  Pub   Code  reduce
main                                   0x000283D4  Pub   Code  main
poly_add                               0x0002842A  Pub   Code  poly
poly_sub                               0x0002847E  Pub   Code  poly
reduce32                               0x000284D2  Pub   Code  reduce
poly_pointwise_montgomery              0x00028522  Pub   Code  poly
polyw1_pack                            0x00028570  Pub   Code  poly
?ShiftLeft64_7                         0x000285B8  Pub         ?ShiftLeft64_n [1]
?ShiftLeft64_6                         0x000285C0  Pub         ?ShiftLeft64_n [1]
?ShiftLeft64_5                         0x000285C8  Pub         ?ShiftLeft64_n [1]
?ShiftLeft64_4                         0x000285D0  Pub         ?ShiftLeft64_n [1]
?ShiftLeft64_3                         0x000285D8  Pub         ?ShiftLeft64_n [1]
?ShiftRight64u_7                       0x000285F2  Pub         ?ShiftRight64u_n [1]
?ShiftRight64u_6                       0x000285FA  Pub         ?ShiftRight64u_n [1]
?ShiftRight64u_5                       0x00028602  Pub         ?ShiftRight64u_n [1]
?ShiftRight64u_4                       0x0002860A  Pub         ?ShiftRight64u_n [1]
?ShiftRight64u_3                       0x00028612  Pub         ?ShiftRight64u_n [1]
?ShiftRight64u_2                       0x0002861A  Pub         ?ShiftRight64u_n [1]
dilithium_shake128_stream_init         0x0002862C  Pub   Code  symmetric-shake
?Subroutine0                           0x0002865E  Loc         symmetric-shake
poly_use_hint                          0x00028664  Pub   Code  poly
?ShiftLeft64                           0x00028690  Pub         ?ShiftLeft64 [1]
?ShiftRight64u                         0x000286B6  Pub         ?ShiftRight64u [1]
poly_reduce                            0x000286DC  Pub   Code  poly
poly_caddq                             0x00028702  Pub   Code  poly
?ShiftRight32u_7                       0x00028728  Pub         ?ShiftRight32u [1]
?ShiftRight32u_6                       0x0002872C  Pub         ?ShiftRight32u [1]
?ShiftRight32u_5                       0x00028730  Pub         ?ShiftRight32u [1]
?ShiftRight32u_4                       0x00028734  Pub         ?ShiftRight32u [1]
?ShiftRight32u_3                       0x00028738  Pub         ?ShiftRight32u [1]
?ShiftRight32u_2                       0x0002873C  Pub         ?ShiftRight32u [1]
?ShiftLeft32_7                         0x00028746  Pub         ?ShiftLeft32 [1]
?ShiftLeft32_6                         0x0002874A  Pub         ?ShiftLeft32 [1]
?ShiftLeft32_5                         0x0002874E  Pub         ?ShiftLeft32 [1]
?ShiftLeft32_4                         0x00028752  Pub         ?ShiftLeft32 [1]
?ShiftLeft32_3                         0x00028756  Pub         ?ShiftLeft32 [1]
?ShiftRight32s_7                       0x00028764  Pub         ?ShiftRight32s [1]
?ShiftRight32s_6                       0x00028768  Pub         ?ShiftRight32s [1]
?ShiftRight32s_5                       0x0002876C  Pub         ?ShiftRight32s [1]
?ShiftRight32s_4                       0x00028770  Pub         ?ShiftRight32s [1]
?ShiftRight32s_3                       0x00028774  Pub         ?ShiftRight32s [1]
?ShiftRight32s_2                       0x00028778  Pub         ?ShiftRight32s [1]
__exit                                 0x00028782  Pub   Code  ?__exit [1]
?ClearMemoryWords                      0x00028796  Pub         ?ClearMemoryWords [1]
?ClearMemoryBytes                      0x000287A6  Pub         ?ClearMemoryBytes [1]
?CopyMemoryBytes                       0x000287B6  Pub         ?CopyMemoryBytes [1]
__data16_memzero                       0x000287C6  Pub   Code  ?memzero [1]
poly_ntt                               0x000287D6  Pub   Code  poly
poly_invntt_tomont                     0x000287DA  Pub   Code  poly
_exit                                  0x000287DE  Pub   Code  ?_exit [1]
__DebugBreak                           0x000287E2  Pub   Code  ?__dbg_break [1]

[0] = Command line (linker generated)
[1] = C:\Program Files\IAR Systems\Embedded Workbench 9.1\430\lib\dlib\dl430xlmfn.r43


                ****************************************
                *                                      *
                *              MODULE MAP              *
                *                                      *
                ****************************************

Linker generated:
  Module: ?FILLER_BYTES
**************************************************************
Linker generated:
  Module: ?ABS_ENTRY_MOD

      Absolute module symbols:
        _DATA20_HEAP_SIZE  0x0050  Pub
        _DATA16_HEAP_SIZE  0x07D0  Pub
        _STACK_SIZE        0x7D00  Pub
        __iar_HWMUL        0x04C0  Pub
**************************************************************
File: C:\Users\dong\Desktop\MSP430 Code\test_dilithium5_yb\Debug\Obj\asm_basemul_fnt_mont.r43
  Module: asm_basemul_fnt_mont
       Segment part 0, <CODE> 2 [root]
                      (was CODE)
       Address:  0x00027598 Size: 0x1BC Align: 2(1)
      asm_pointwise_fnt    0x00027598  Pub
      round1               0x000275AE  Loc
      round2               0x0002766C  Loc

      Absolute module symbols:
        __MSP430F6745__  0x0000  Loc
**************************************************************
File: C:\Users\dong\Desktop\MSP430 Code\test_dilithium5_yb\Debug\Obj\asm_fnt_mont.r43
  Module: asm_fnt_mont
       Segment part 0, <CODE> 1 [root]
                      (was CODE)
       Address:  0xF7D0 Size: 0x3D8 Align: 2(1)
      asm_fnt_merging      0xF7D0  Pub
      layer13_merge        0xF7EA  Loc
      layer45_merge_out    0xF96C  Loc
      layer45_merge_in     0xF972  Loc
      layer67_merge_out    0xFA88  Loc
      layer67_merge_in     0xFA8E  Loc

      Absolute module symbols:
        __MSP430F6745__  0x0000  Loc
**************************************************************
File: C:\Users\dong\Desktop\MSP430 Code\test_dilithium5_yb\Debug\Obj\asm_invfnt_mont.r43
  Module: asm_invfnt_mont
       Segment part 0, <CODE> 1 [root]
                      (was CODE)
       Address:  0xEB48 Size: 0x87E Align: 2(1)
      asm_invfnt_merging       0xEB48  Pub
      layer12_merge_out        0xEB64  Loc
      layer12_merge_in         0xEB70  Loc
      layer34_merge_out        0xEC88  Loc
      layer34_merge_in         0xEC94  Loc
      layer57_merge            0xEDA6  Loc
      layer57_merge2           0xEFD6  Loc
      final_barrett_reduction  0xF0E4  Loc

      Absolute module symbols:
        __MSP430F6745__  0x0000  Loc
**************************************************************
File: C:\Users\dong\Desktop\MSP430 Code\test_dilithium5_yb\Debug\Obj\asm_InvNTT.r43
  Module: asm_InvNTT
       Segment part 0, <CODE> 2 [root]
                      (was CODE)
       Address:  0x00010000 Size: 0xABF4 Align: 2(1)
      asm_invntt_merging   0x00010000  Pub
      layer12_merge        0x00010012  Loc
      layer34_merge        0x0001807E  Loc
      poly34_1             0x0001807E  Loc
      poly34_2             0x0001828A  Loc
      poly34_3             0x00018496  Loc
      poly34_4             0x0001869E  Loc
      poly34_5             0x000188AA  Loc
      poly34_6             0x00018AB6  Loc
      poly34_7             0x00018CC2  Loc
      poly34_8             0x00018ECE  Loc
      poly34_9             0x000190DA  Loc
      poly34_10            0x000192E4  Loc
      poly34_11            0x000194EE  Loc
      poly34_12            0x000196FA  Loc
      poly34_13            0x00019902  Loc
      poly34_14            0x00019B0E  Loc
      poly34_15            0x00019D1A  Loc
      poly34_16            0x00019F26  Loc
      layer56_merge        0x0001A132  Loc
      poly56_1             0x0001A132  Loc
      poly56_2             0x0001A33E  Loc
      poly56_3             0x0001A54A  Loc
      poly56_4             0x0001A756  Loc
      layer78_merge        0x0001A962  Loc
      last_mont            0x0001AB62  Loc
      loop_N               0x0001AB72  Loc

      Absolute module symbols:
        __MSP430F6745__  0x0000  Loc
**************************************************************
File: C:\Users\dong\Desktop\MSP430 Code\test_dilithium5_yb\Debug\Obj\asm_NTT.r43
  Module: asm_NTT
       Segment part 0, <CODE> 2 [root]
                      (was CODE)
       Address:  0x0001ABF4 Size: 0xA628 Align: 2(1)
      asm_ntt_merging      0x0001ABF4  Pub
      layer12_merge        0x0001AC12  Loc
      layer34_merge        0x0001AE0A  Loc
      poly34_1             0x0001AE0A  Loc
      poly34_2             0x0001B006  Loc
      poly34_3             0x0001B202  Loc
      poly34_4             0x0001B3FE  Loc
      layer56_merge        0x0001B5FA  Loc
      poly56_1             0x0001B5FA  Loc
      poly56_2             0x0001B7F4  Loc
      poly56_3             0x0001B9F0  Loc
      poly56_4             0x0001BBEC  Loc
      poly56_5             0x0001BDE8  Loc
      poly56_6             0x0001BFE4  Loc
      poly56_7             0x0001C1E0  Loc
      poly56_8             0x0001C3DC  Loc
      poly56_9             0x0001C5D8  Loc
      poly56_10            0x0001C7D4  Loc
      poly56_11            0x0001C9D0  Loc
      poly56_12            0x0001CBCC  Loc
      poly56_13            0x0001CDC8  Loc
      poly56_14            0x0001CFC2  Loc
      poly56_15            0x0001D1BA  Loc
      poly56_16            0x0001D3B6  Loc
      layer78_merge        0x0001D5AA  Loc

      Absolute module symbols:
        __MSP430F6745__  0x0000  Loc
**************************************************************
File: C:\Users\dong\Desktop\MSP430 Code\test_dilithium5_yb\Debug\Obj\asm_reduce.r43
  Module: asm_reduce
       Segment part 0, <CODE> 2 [root]
                      (was CODE)
       Address:  0x00028290 Size: 0x84 Align: 2(1)
      asm_poly_reduce32    0x00028290  Pub
      reduce32_start       0x000282BE  Loc

      Absolute module symbols:
        __MSP430F6745__  0x0000  Loc
**************************************************************
File: C:\Users\dong\Desktop\MSP430 Code\test_dilithium5_yb\Debug\Obj\dil2_basemul.r43
  Module: dil2_basemul
       Segment part 0, <CODE> 2 [root]
                      (was CODE)
       Address:  0x00027F64 Size: 0xB2 Align: 2(1)
      asm_poly_pointwise_mont  0x00027F64  Pub
      f_start                  0x00027F92  Loc

      Absolute module symbols:
        __MSP430F6745__  0x0000  Loc
**************************************************************
File: C:\Users\dong\Desktop\MSP430 Code\test_dilithium5_yb\Debug\Obj\fips202.r43
  Module: fips202
       Segment part 2, DATA16_C
       Address:  0xC000 Size: 0xC0 Align: 2(1)
       Ref by:   keccak_absorb
                 KeccakF1600_StatePermute
      KeccakF_RoundConstants  0xC000  Loc
    --------------------------------------------------
       Segment part 3, <CODE> 2
                      (was CODE)
       Address:  0x0002521C Size: 0x237C Align: 2(1)
       Ref by:   keccak_inc_squeeze
                 keccak_inc_absorb
                 keccak_squeezeblocks
      KeccakF1600_StatePermute  0x0002521C  Loc
    --------------------------------------------------
       Segment part 4, <CODE> 1
                      (was CODE)
       Address:  0xC4F8 Size: 0x2650 Align: 2(1)
       Ref by:   shake256
      keccak_absorb        0xC4F8  Loc
    --------------------------------------------------
       Segment part 5, <CODE> 2
                      (was CODE)
       Address:  0x00027EB0 Size: 0xB4 Align: 2(1)
       Ref by:   shake256
      keccak_squeezeblocks  0x00027EB0  Loc
    --------------------------------------------------
       Segment part 6, <CODE> 2
                      (was CODE)
       Address:  0x0002789E Size: 0x142 Align: 2(1)
       Ref by:   Segment part 11
      keccak_inc_absorb    0x0002789E  Loc
    --------------------------------------------------
       Segment part 7, <CODE> 2
                      (was CODE)
       Address:  0x000279E0 Size: 0x13E Align: 2(1)
       Ref by:   ?Subroutine6
      keccak_inc_squeeze   0x000279E0  Loc
    --------------------------------------------------
       Segment part 8, <CODE> 1
                      (was CODE)
       Address:  0xFBA8 Size: 0x2 Align: 2(1)
      shake128_inc_init    0xFBA8  Pub  Ref by:   dilithium_shake128_stream_init (symmetric-shake)
    --------------------------------------------------
       Segment part 9, <CODE> 1
                      (was CODE)
       Address:  0xFBAA Size: 0x8 Align: 2(1)
      shake128_inc_absorb  0xFBAA  Pub  Ref by:   dilithium_shake128_stream_init (symmetric-shake)
    --------------------------------------------------
       Segment part 10, <CODE> 1
                      (was CODE)
       Address:  0xFBB2 Size: 0x6 Align: 2(1)
       Ref by:   shake256_inc_absorb
      ?Subroutine2         0xFBB2  Loc
    --------------------------------------------------
       Segment part 11, <CODE> 1
                      (was CODE)
       Address:  0xFBB8 Size: 0xA Align: 2(1)
       Ref by:   ?Subroutine2
                 shake128_inc_absorb
    --------------------------------------------------
       Segment part 12, <CODE> 1
                      (was CODE)
       Address:  0xFBC2 Size: 0x3C Align: 2(1)
      shake128_inc_finalize  0xFBC2  Pub  Ref by:   dilithium_shake128_stream_init (symmetric-shake)
    --------------------------------------------------
       Segment part 13, <CODE> 1
                      (was CODE)
       Address:  0xFBFE Size: 0x14 Align: 2(1)
       Ref by:   shake256_inc_finalize
                 shake128_inc_finalize
      ?Subroutine1         0xFBFE  Loc
    --------------------------------------------------
       Segment part 14, <CODE> 1
                      (was CODE)
       Address:  0xFC12 Size: 0x6 Align: 2(1)
      shake128_inc_squeeze  0xFC12  Pub  Ref by:   poly_uniform (poly)
    --------------------------------------------------
       Segment part 15, <CODE> 1
                      (was CODE)
       Address:  0xFC18 Size: 0x6 Align: 2(1)
       Ref by:   shake256_inc_squeeze
                 shake128_inc_squeeze
      ?Subroutine6         0xFC18  Loc
    --------------------------------------------------
       Segment part 17, <CODE> 1
                      (was CODE)
       Address:  0xFC1E Size: 0x2 Align: 2(1)
      shake128_inc_ctx_release  0xFC1E  Pub  Ref by:   poly_uniform (poly)
    --------------------------------------------------
       Segment part 18, <CODE> 1
                      (was CODE)
       Address:  0xFC20 Size: 0x2 Align: 2(1)
      shake256_inc_init    0xFC20  Pub  Ref by:   crypto_sign_verify (sign)
                                                  poly_challenge (poly)
    --------------------------------------------------
       Segment part 19, <CODE> 1
                      (was CODE)
       Address:  0xFC22 Size: 0x4 Align: 2(1)
      shake256_inc_absorb  0xFC22  Pub  Ref by:   crypto_sign_verify (sign)
                                                  poly_challenge (poly)
    --------------------------------------------------
       Segment part 20, <CODE> 1
                      (was CODE)
       Address:  0xFC26 Size: 0x40 Align: 2(1)
      shake256_inc_finalize  0xFC26  Pub  Ref by:   crypto_sign_verify (sign)
                                                    poly_challenge (poly)
    --------------------------------------------------
       Segment part 21, <CODE> 1
                      (was CODE)
       Address:  0xFC66 Size: 0xA Align: 2(1)
      shake256_inc_squeeze  0xFC66  Pub  Ref by:   crypto_sign_verify (sign)
                                                   poly_challenge (poly)
    --------------------------------------------------
       Segment part 23, <CODE> 1
                      (was CODE)
       Address:  0xFC70 Size: 0x6 Align: 2(1)
       Ref by:   ?Subroutine6
    --------------------------------------------------
       Segment part 25, <CODE> 1
                      (was CODE)
       Address:  0xFC76 Size: 0x2 Align: 2(1)
      shake256_inc_ctx_release  0xFC76  Pub  Ref by:   crypto_sign_verify (sign)
                                                       poly_challenge (poly)
    --------------------------------------------------
       Segment part 37, <CODE> 1
                      (was CODE)
       Address:  0xFC78 Size: 0xC2 Align: 2(1)
      shake256             0xFC78  Pub  Ref by:   crypto_sign_verify (sign)
    --------------------------------------------------
       Segment part 39, <CODE> 1
                      (was CODE)
       Address:  0xFD3A Size: 0x4C Align: 2(1)
       Ref by:   shake256_inc_init
                 shake128_inc_init
      ?Subroutine0         0xFD3A  Loc

      Absolute module symbols:
        store64              0x0000  Pub
        keccak_inc_init      0x0000  Pub
        keccak_inc_finalize  0x0000  Pub
**************************************************************
File: C:\Users\dong\Desktop\MSP430 Code\test_dilithium5_yb\Debug\Obj\fnt_main.r43
  Module: fnt_main
**************************************************************
File: C:\Users\dong\Desktop\MSP430 Code\test_dilithium5_yb\Debug\Obj\main.r43
  Module: main
       Segment part 5, DATA16_Z
       Address:  0x1C00 Size: 0x2 Align: 2(1)
       Ref by:   main
      ret                  0x1C00  Pub
    --------------------------------------------------
       Segment part 6, <CODE> 2
                      (was CODE)
       Address:  0x000283D4 Size: 0x56 Align: 2(1)
      main                 0x000283D4  Pub  Ref by:   Segment part 27 (?cstart)
    --------------------------------------------------
       Segment part 3, DATA16_C
       Address:  0xC4C0 Size: 0x20 Align: 1(0)
       Ref by:   main
**************************************************************
File: C:\Users\dong\Desktop\MSP430 Code\test_dilithium5_yb\Debug\Obj\ntt.r43
  Module: ntt
       Segment part 2, DATA16_C
       Address:  0xC0C0 Size: 0x400 Align: 2(1)
       Ref by:   invntt_tomont
                 ntt
      zetas                0xC0C0  Loc
    --------------------------------------------------
       Segment part 3, <CODE> 1
                      (was CODE)
       Address:  0xFD86 Size: 0xA8 Align: 2(1)
      ntt                  0xFD86  Pub  Ref by:   poly_ntt (poly)
    --------------------------------------------------
       Segment part 4, <CODE> 1
                      (was CODE)
       Address:  0xFE2E Size: 0x8 Align: 2(1)
       Ref by:   invntt_tomont
                 ntt
      ?Subroutine0         0xFE2E  Loc
    --------------------------------------------------
       Segment part 5, <CODE> 1
                      (was CODE)
       Address:  0xFE36 Size: 0x118 Align: 2(1)
      invntt_tomont        0xFE36  Pub  Ref by:   poly_invntt_tomont (poly)
**************************************************************
File: C:\Users\dong\Desktop\MSP430 Code\test_dilithium5_yb\Debug\Obj\packing.r43
  Module: packing
       Segment part 5, <CODE> 2
                      (was CODE)
       Address:  0x00028016 Size: 0x1E Align: 2(1)
      unpack_pk_rho        0x00028016  Pub  Ref by:   crypto_sign_verify (sign)
    --------------------------------------------------
       Segment part 19, <CODE> 2
                      (was CODE)
       Address:  0x00028034 Size: 0x92 Align: 2(1)
      unpack_sig_c_z       0x00028034  Pub  Ref by:   crypto_sign_verify (sign)
**************************************************************
File: C:\Users\dong\Desktop\MSP430 Code\test_dilithium5_yb\Debug\Obj\poly.r43
  Module: poly
       Segment part 2, <CODE> 2
                      (was CODE)
       Address:  0x000286DC Size: 0x26 Align: 2(1)
      poly_reduce          0x000286DC  Pub  Ref by:   crypto_sign_verify (sign)
    --------------------------------------------------
       Segment part 3, <CODE> 2
                      (was CODE)
       Address:  0x00028702 Size: 0x26 Align: 2(1)
      poly_caddq           0x00028702  Pub  Ref by:   crypto_sign_verify (sign)
    --------------------------------------------------
       Segment part 5, <CODE> 2
                      (was CODE)
       Address:  0x0002842A Size: 0x54 Align: 2(1)
      poly_add             0x0002842A  Pub  Ref by:   crypto_sign_verify (sign)
    --------------------------------------------------
       Segment part 6, <CODE> 2
                      (was CODE)
       Address:  0x0002847E Size: 0x54 Align: 2(1)
      poly_sub             0x0002847E  Pub  Ref by:   crypto_sign_verify (sign)
    --------------------------------------------------
       Segment part 7, <CODE> 2
                      (was CODE)
       Address:  0x000280C6 Size: 0xB0 Align: 2(1)
      poly_shiftl          0x000280C6  Pub  Ref by:   crypto_sign_verify (sign)
    --------------------------------------------------
       Segment part 8, <CODE> 2
                      (was CODE)
       Address:  0x000287D6 Size: 0x4 Align: 2(1)
      poly_ntt             0x000287D6  Pub  Ref by:   crypto_sign_verify (sign)
                                                      ?Subroutine4 (polyvec)
                                                      polyvecl_ntt (polyvec)
    --------------------------------------------------
       Segment part 9, <CODE> 2
                      (was CODE)
       Address:  0x000287DA Size: 0x4 Align: 2(1)
      poly_invntt_tomont   0x000287DA  Pub  Ref by:   crypto_sign_verify (sign)
    --------------------------------------------------
       Segment part 10, <CODE> 2
                      (was CODE)
       Address:  0x00028522 Size: 0x4E Align: 2(1)
      poly_pointwise_montgomery  0x00028522  Pub  Ref by:   crypto_sign_verify (sign)
    --------------------------------------------------
       Segment part 16, <CODE> 2
                      (was CODE)
       Address:  0x00028664 Size: 0x2C Align: 2(1)
      poly_use_hint        0x00028664  Pub  Ref by:   crypto_sign_verify (sign)
    --------------------------------------------------
       Segment part 17, <CODE> 2
                      (was CODE)
       Address:  0x00027C52 Size: 0xD8 Align: 2(1)
      poly_chknorm         0x00027C52  Pub  Ref by:   polyvecl_chknorm (polyvec)
    --------------------------------------------------
       Segment part 18, <CODE> 2
                      (was CODE)
       Address:  0x00028314 Size: 0x62 Align: 2(1)
       Ref by:   poly_uniform
      rej_uniform          0x00028314  Loc
    --------------------------------------------------
       Segment part 19, <CODE> 2
                      (was CODE)
       Address:  0x00027B1E Size: 0x134 Align: 2(1)
      poly_uniform         0x00027B1E  Pub  Ref by:   crypto_sign_verify (sign)
    --------------------------------------------------
       Segment part 24, <CODE> 2
                      (was CODE)
       Address:  0x00027754 Size: 0x14A Align: 2(1)
      poly_challenge       0x00027754  Pub  Ref by:   crypto_sign_verify (sign)
    --------------------------------------------------
       Segment part 28, <CODE> 2
                      (was CODE)
       Address:  0x00028206 Size: 0x8A Align: 2(1)
      polyt1_unpack        0x00028206  Pub  Ref by:   crypto_sign_verify (sign)
    --------------------------------------------------
       Segment part 22, <CODE> 2
                      (was CODE)
       Address:  0x00028176 Size: 0x90 Align: 2(1)
      polyz_unpack         0x00028176  Pub  Ref by:   unpack_sig_c_z (packing)
    --------------------------------------------------
       Segment part 32, <CODE> 2
                      (was CODE)
       Address:  0x00028570 Size: 0x48 Align: 2(1)
      polyw1_pack          0x00028570  Pub  Ref by:   crypto_sign_verify (sign)
**************************************************************
File: C:\Users\dong\Desktop\MSP430 Code\test_dilithium5_yb\Debug\Obj\polyvec.r43
  Module: polyvec
       Segment part 14, <CODE> 2
                      (was CODE)
       Address:  0x00027D2A Size: 0x3E Align: 2(1)
      polyvecl_ntt         0x00027D2A  Pub  Ref by:   crypto_sign_verify (sign)
    --------------------------------------------------
       Segment part 15, <CODE> 2
                      (was CODE)
       Address:  0x00027D68 Size: 0xA Align: 2(1)
       Ref by:   polyvecl_ntt
      ?Subroutine4         0x00027D68  Loc
    --------------------------------------------------
       Segment part 21, <CODE> 2
                      (was CODE)
       Address:  0x00027D72 Size: 0x86 Align: 2(1)
      polyvecl_chknorm     0x00027D72  Pub  Ref by:   crypto_sign_verify (sign)
**************************************************************
File: C:\Users\dong\Desktop\MSP430 Code\test_dilithium5_yb\Debug\Obj\randombytes.r43
  Module: randombytes
**************************************************************
File: C:\Users\dong\Desktop\MSP430 Code\test_dilithium5_yb\Debug\Obj\reduce.r43
  Module: reduce
       Segment part 2, <CODE> 2
                      (was CODE)
       Address:  0x00028376 Size: 0x5E Align: 2(1)
      montgomery_reduce    0x00028376  Pub  Ref by:   poly_pointwise_montgomery (poly)
                                                      invntt_tomont (ntt)
                                                      ntt (ntt)
    --------------------------------------------------
       Segment part 3, <CODE> 2
                      (was CODE)
       Address:  0x000284D2 Size: 0x50 Align: 2(1)
      reduce32             0x000284D2  Pub  Ref by:   poly_reduce (poly)
    --------------------------------------------------
       Segment part 4, <CODE> 1
                      (was CODE)
       Address:  0xFF4E Size: 0x2E Align: 2(1)
      caddq                0xFF4E  Pub  Ref by:   poly_caddq (poly)
**************************************************************
File: C:\Users\dong\Desktop\MSP430 Code\test_dilithium5_yb\Debug\Obj\rounding.r43
  Module: rounding
       Segment part 5, <CODE> 2
                      (was CODE)
       Address:  0x00027DF8 Size: 0xB8 Align: 2(1)
      use_hint             0x00027DF8  Pub  Ref by:   poly_use_hint (poly)
**************************************************************
File: C:\Users\dong\Desktop\MSP430 Code\test_dilithium5_yb\Debug\Obj\sign.r43
  Module: sign
       Segment part 5, <CODE> 1
                      (was CODE)
       Address:  0xF3C6 Size: 0x40A Align: 2(1)
      crypto_sign_verify   0xF3C6  Pub  Ref by:   main (main)
**************************************************************
File: C:\Users\dong\Desktop\MSP430 Code\test_dilithium5_yb\Debug\Obj\symmetric-shake.r43
  Module: symmetric-shake
       Segment part 2, <CODE> 2
                      (was CODE)
       Address:  0x0002862C Size: 0x32 Align: 2(1)
      dilithium_shake128_stream_init  0x0002862C  Pub  Ref by:   poly_uniform (poly)
    --------------------------------------------------
       Segment part 3, <CODE> 2
                      (was CODE)
       Address:  0x0002865E Size: 0x6 Align: 2(1)
       Ref by:   dilithium_shake128_stream_init
      ?Subroutine0         0x0002865E  Loc
**************************************************************
File: C:\Program Files\IAR Systems\Embedded Workbench 9.1\430\lib\dlib\dl430xlmfn.r43
  Module: ?abort
  ============================================================
  Module: ?__dbg_break
       Segment part 2, <CODE> 2
                      (was CODE)
       Address:  0x000287E2 Size: 0x2 Align: 2(1)
      __DebugBreak         0x000287E2  Pub  Ref by:   __exit (?__exit)
  ============================================================
  Module: ?__dwrite
  ============================================================
  Module: ?__exit
       Segment part 2, <CODE> 2
                      (was CODE)
       Address:  0x00028782 Size: 0x14 Align: 2(1)
      __exit               0x00028782  Pub  Ref by:   Segment part 6 (?_exit)
                                                      _exit (?_exit)
  ============================================================
  Module: ?__write
  ============================================================
  Module: ?_exit
       Segment part 0, <CODE> 2
                      (was CODE)
       Address:  0x000287DE Size: 0x0 Align: 2(1)
      _exit                0x000287DE  Pub  Ref by:   exit (?exit)
    --------------------------------------------------
       Segment part 6, <CODE> 2
                      (was CODE)
       Address:  0x000287DE Size: 0x4 Align: 2(1)
       Ref by:   _exit
  ============================================================
  Module: ?cppinit
  ============================================================
  Module: ?cstart
       Segment part 1, CSTACK
       Address:  0x1F00 Size: 0x0 Align: 2(1)
    --------------------------------------------------
       Segment part 2, DATA16_Z
       Address:  0x1C02 Size: 0x0 Align: 2(1)
    --------------------------------------------------
       Segment part 5, CODE_I
       Address:  0x1C02 Size: 0x0 Align: 2(1)
    --------------------------------------------------
       Segment part 6, CODE_ID
       Address:  0x000287E4 Size: 0x0 Align: 2(1)
    --------------------------------------------------
       Segment part 7, DATA20_Z
       Address:  0x1C02 Size: 0x0 Align: 2(1)
    --------------------------------------------------
       Segment part 8, DATA20_I
       Address:  0x1C02 Size: 0x0 Align: 2(1)
    --------------------------------------------------
       Segment part 9, DATA20_ID
       Address:  0x000287E4 Size: 0x0 Align: 2(1)
    --------------------------------------------------
       Segment part 10, DATA20_C
       Address:  0x000287E4 Size: 0x0 Align: 2(1)
    --------------------------------------------------
       Segment part 12, DATA20_N
       Address:  0x1C02 Size: 0x0 Align: 2(1)
    --------------------------------------------------
       Segment part 15, CSTART
       Address:  0xC4E0 Size: 0x4 Align: 2(1)
      __program_start      0xC4E0  Pub  Ref by:   ?reset_vector (?reset_vector)
                                                  Absolute parts (?ABS_ENTRY_MOD)
      ?cstart_begin        0xC4E0  Pub
    --------------------------------------------------
       Segment part 20, CSTART
       Address:  0xC4E4 Size: 0xC Align: 2(1)
      ?cstart_init_zero    0xC4E4  Pub  Ref by:   ret (main)
    --------------------------------------------------
       Segment part 27, CSTART
       Address:  0xC4F0 Size: 0x8 Align: 2(1)
       Ref by:   Segment part 15
      ?cstart_call_main    0xC4F0  Pub
      ?cstart_end          0xC4F8  Pub
  ============================================================
  Module: lowinit
  ============================================================
  Module: ?reset_vector
       Segment part 0, RESET
       Address:  0xFFFE Size: 0x2 Align: 2(1)
      ?reset_vector        0xFFFE  Pub  Ref by:   Segment part 15 (?cstart)
  ============================================================
  Module: ?exit
       Segment part 2, <CODE> 1
                      (was CODE)
       Address:  0xFF7C Size: 0x4 Align: 2(1)
      exit                 0xFF7C  Pub  Ref by:   Segment part 27 (?cstart)
  ============================================================
  Module: ?FrwpInit
  ============================================================
  Module: ?malloc
  ============================================================
  Module: ?ShiftLeft32
       Segment part 1, <CODE> 2
                      (was CODE)
       Address:  0x00028746 Size: 0x4 Align: 2(1)
      ?ShiftLeft32_7       0x00028746  Pub  Ref by:   keccak_absorb (fips202)
                                                      KeccakF1600_StatePermute (fips202)
    --------------------------------------------------
       Segment part 2, <CODE> 2
                      (was CODE)
       Address:  0x0002874A Size: 0x4 Align: 2(1)
       Ref by:   ?ShiftLeft32_7
      ?ShiftLeft32_6       0x0002874A  Pub  Ref by:   polyt1_unpack (poly)
    --------------------------------------------------
       Segment part 3, <CODE> 2
                      (was CODE)
       Address:  0x0002874E Size: 0x4 Align: 2(1)
       Ref by:   ?ShiftLeft32_6
      ?ShiftLeft32_5       0x0002874E  Pub
    --------------------------------------------------
       Segment part 4, <CODE> 2
                      (was CODE)
       Address:  0x00028752 Size: 0x4 Align: 2(1)
       Ref by:   ?ShiftLeft32_5
      ?ShiftLeft32_4       0x00028752  Pub
    --------------------------------------------------
       Segment part 5, <CODE> 2
                      (was CODE)
       Address:  0x00028756 Size: 0xE Align: 2(1)
       Ref by:   ?ShiftLeft32_4
      ?ShiftLeft32_3       0x00028756  Pub
  ============================================================
  Module: ?ShiftLeft64
       Segment part 0, <CODE> 2
                      (was CODE)
       Address:  0x00028690 Size: 0x26 Align: 2(1)
      ?ShiftLeft64         0x00028690  Pub  Ref by:   shake256_inc_finalize (fips202)
                                                      shake128_inc_finalize (fips202)
                                                      keccak_inc_absorb (fips202)
  ============================================================
  Module: ?ShiftLeft64_n
       Segment part 0, <CODE> 2
                      (was CODE)
       Address:  0x000285B8 Size: 0x8 Align: 2(1)
      ?ShiftLeft64_7       0x000285B8  Pub  Ref by:   keccak_absorb (fips202)
                                                      KeccakF1600_StatePermute (fips202)
    --------------------------------------------------
       Segment part 1, <CODE> 2
                      (was CODE)
       Address:  0x000285C0 Size: 0x8 Align: 2(1)
       Ref by:   ?ShiftLeft64_7
      ?ShiftLeft64_6       0x000285C0  Pub  Ref by:   keccak_absorb (fips202)
                                                      KeccakF1600_StatePermute (fips202)
    --------------------------------------------------
       Segment part 2, <CODE> 2
                      (was CODE)
       Address:  0x000285C8 Size: 0x8 Align: 2(1)
       Ref by:   ?ShiftLeft64_6
      ?ShiftLeft64_5       0x000285C8  Pub  Ref by:   keccak_absorb (fips202)
                                                      KeccakF1600_StatePermute (fips202)
    --------------------------------------------------
       Segment part 3, <CODE> 2
                      (was CODE)
       Address:  0x000285D0 Size: 0x8 Align: 2(1)
       Ref by:   ?ShiftLeft64_5
      ?ShiftLeft64_4       0x000285D0  Pub  Ref by:   keccak_absorb (fips202)
                                                      KeccakF1600_StatePermute (fips202)
    --------------------------------------------------
       Segment part 4, <CODE> 2
                      (was CODE)
       Address:  0x000285D8 Size: 0x1A Align: 2(1)
       Ref by:   ?ShiftLeft64_4
      ?ShiftLeft64_3       0x000285D8  Pub
  ============================================================
  Module: ?ShiftRight32s
       Segment part 1, <CODE> 2
                      (was CODE)
       Address:  0x00028764 Size: 0x4 Align: 2(1)
      ?ShiftRight32s_7     0x00028764  Pub  Ref by:   use_hint (rounding)
    --------------------------------------------------
       Segment part 2, <CODE> 2
                      (was CODE)
       Address:  0x00028768 Size: 0x4 Align: 2(1)
       Ref by:   ?ShiftRight32s_7
      ?ShiftRight32s_6     0x00028768  Pub
    --------------------------------------------------
       Segment part 3, <CODE> 2
                      (was CODE)
       Address:  0x0002876C Size: 0x4 Align: 2(1)
       Ref by:   ?ShiftRight32s_6
      ?ShiftRight32s_5     0x0002876C  Pub
    --------------------------------------------------
       Segment part 4, <CODE> 2
                      (was CODE)
       Address:  0x00028770 Size: 0x4 Align: 2(1)
       Ref by:   ?ShiftRight32s_5
      ?ShiftRight32s_4     0x00028770  Pub
    --------------------------------------------------
       Segment part 5, <CODE> 2
                      (was CODE)
       Address:  0x00028774 Size: 0x4 Align: 2(1)
       Ref by:   ?ShiftRight32s_4
      ?ShiftRight32s_3     0x00028774  Pub
    --------------------------------------------------
       Segment part 6, <CODE> 2
                      (was CODE)
       Address:  0x00028778 Size: 0xA Align: 2(1)
       Ref by:   ?ShiftRight32s_3
      ?ShiftRight32s_2     0x00028778  Pub
  ============================================================
  Module: ?ShiftRight32u
       Segment part 1, <CODE> 2
                      (was CODE)
       Address:  0x00028728 Size: 0x4 Align: 2(1)
      ?ShiftRight32u_7     0x00028728  Pub  Ref by:   keccak_absorb (fips202)
                                                      KeccakF1600_StatePermute (fips202)
    --------------------------------------------------
       Segment part 2, <CODE> 2
                      (was CODE)
       Address:  0x0002872C Size: 0x4 Align: 2(1)
       Ref by:   ?ShiftRight32u_7
      ?ShiftRight32u_6     0x0002872C  Pub  Ref by:   keccak_absorb (fips202)
                                                      KeccakF1600_StatePermute (fips202)
    --------------------------------------------------
       Segment part 3, <CODE> 2
                      (was CODE)
       Address:  0x00028730 Size: 0x4 Align: 2(1)
       Ref by:   ?ShiftRight32u_6
      ?ShiftRight32u_5     0x00028730  Pub  Ref by:   keccak_absorb (fips202)
                                                      KeccakF1600_StatePermute (fips202)
    --------------------------------------------------
       Segment part 4, <CODE> 2
                      (was CODE)
       Address:  0x00028734 Size: 0x4 Align: 2(1)
       Ref by:   ?ShiftRight32u_5
      ?ShiftRight32u_4     0x00028734  Pub
    --------------------------------------------------
       Segment part 5, <CODE> 2
                      (was CODE)
       Address:  0x00028738 Size: 0x4 Align: 2(1)
       Ref by:   ?ShiftRight32u_4
      ?ShiftRight32u_3     0x00028738  Pub
    --------------------------------------------------
       Segment part 6, <CODE> 2
                      (was CODE)
       Address:  0x0002873C Size: 0xA Align: 2(1)
       Ref by:   ?ShiftRight32u_3
      ?ShiftRight32u_2     0x0002873C  Pub
  ============================================================
  Module: ?ShiftRight64u
       Segment part 0, <CODE> 2
                      (was CODE)
       Address:  0x000286B6 Size: 0x26 Align: 2(1)
      ?ShiftRight64u       0x000286B6  Pub  Ref by:   keccak_inc_squeeze (fips202)
  ============================================================
  Module: ?ShiftRight64u_n
       Segment part 0, <CODE> 2
                      (was CODE)
       Address:  0x000285F2 Size: 0x8 Align: 2(1)
      ?ShiftRight64u_7     0x000285F2  Pub  Ref by:   reduce32 (reduce)
                                                      keccak_absorb (fips202)
                                                      KeccakF1600_StatePermute (fips202)
    --------------------------------------------------
       Segment part 1, <CODE> 2
                      (was CODE)
       Address:  0x000285FA Size: 0x8 Align: 2(1)
       Ref by:   ?ShiftRight64u_7
      ?ShiftRight64u_6     0x000285FA  Pub
    --------------------------------------------------
       Segment part 2, <CODE> 2
                      (was CODE)
       Address:  0x00028602 Size: 0x8 Align: 2(1)
       Ref by:   ?ShiftRight64u_6
      ?ShiftRight64u_5     0x00028602  Pub  Ref by:   keccak_absorb (fips202)
                                                      KeccakF1600_StatePermute (fips202)
    --------------------------------------------------
       Segment part 3, <CODE> 2
                      (was CODE)
       Address:  0x0002860A Size: 0x8 Align: 2(1)
       Ref by:   ?ShiftRight64u_5
      ?ShiftRight64u_4     0x0002860A  Pub
    --------------------------------------------------
       Segment part 4, <CODE> 2
                      (was CODE)
       Address:  0x00028612 Size: 0x8 Align: 2(1)
       Ref by:   ?ShiftRight64u_4
      ?ShiftRight64u_3     0x00028612  Pub
    --------------------------------------------------
       Segment part 5, <CODE> 2
                      (was CODE)
       Address:  0x0002861A Size: 0x12 Align: 2(1)
       Ref by:   ?ShiftRight64u_3
      ?ShiftRight64u_2     0x0002861A  Pub
  ============================================================
  Module: ?memcpy
  ============================================================
  Module: ?memmove
  ============================================================
  Module: ?CopyMemoryBytes
       Segment part 0, <CODE> 2
                      (was CODE)
       Address:  0x000287B6 Size: 0x10 Align: 2(1)
      ?CopyMemoryBytes     0x000287B6  Pub  Ref by:   main (main)
  ============================================================
  Module: ?ClearMemoryBytes
       Segment part 0, <CODE> 2
                      (was CODE)
       Address:  0x000287A6 Size: 0x10 Align: 2(1)
      ?ClearMemoryBytes    0x000287A6  Pub  Ref by:   main (main)
  ============================================================
  Module: ?ClearMemoryWords
       Segment part 0, <CODE> 2
                      (was CODE)
       Address:  0x00028796 Size: 0x10 Align: 2(1)
      ?ClearMemoryWords    0x00028796  Pub  Ref by:   main (main)
  ============================================================
  Module: ?memzero
       Segment part 2, <CODE> 2
                      (was CODE)
       Address:  0x000287C6 Size: 0x10 Align: 2(1)
      __data16_memzero     0x000287C6  Pub  Ref by:   ?cstart_init_zero (?cstart)
  ============================================================
  Module: ?MpuInit
  ============================================================
  Module: ?Mul64Hw32
  ============================================================
  Module: ?setjmp
  ============================================================
  Module: ?longjmp
  ============================================================
  Module: ?xcloseall
  ============================================================
  Module: ?xgetmemchunk
  ============================================================
  Module: ?xxmemxfree
  ============================================================
  Module: ?xxmemxmalloc


                ****************************************
                *                                      *
                *      SEGMENTS IN ADDRESS ORDER       *
                *                                      *
                ****************************************

SEGMENT    SPACE     START/END ADDRESS        SIZE  TYPE  ALIGN
-------    -----   ---------------------      ----  ----  -----
DATA16_I                  0x1C00                     dse   1(0)
DATA16_Z              0x1C00 - 0x1C01          0x2   rel   2(1)
DATA20_I                  0x1C02                     rel   2(1)
DATA20_Z                  0x1C02                     rel   2(1)
DATA20_N                  0x1C02                     rel   2(1)
CODE_I                    0x1C02                     rel   2(1)
CSTACK                0x1F00 - 0x9BFF       0x7D00   rel   2(1)
DATA16_C              0xC000 - 0xC4DF        0x4E0   rel   2(1)
CSTART                0xC4E0 - 0xC4F7         0x18   rel   2(1)
<CODE> 1              0xC4F8 - 0xFF7F       0x3A88   rel   2(1)
RESET                 0xFFFE - 0xFFFF          0x2   rel   2(1)
<CODE> 2          0x00010000 - 0x000287E3  0x187E4   rel   2(1)
CODE_ID                 0x000287E4                   rel   2(1)
DATA20_ID               0x000287E4                   rel   2(1)
DATA20_C                0x000287E4                   rel   2(1)

 115'334 bytes of CODE  memory
  32'002 bytes of DATA  memory
   1'248 bytes of CONST memory

Errors: none
Warnings: none
