###############################################################################
#
# IAR UBROF Linker V10.15.2.1487                          19/Apr/2024  20:21:56
# Copyright 1987-2023 IAR Systems AB.
#
#    Target Cpu    =  MSP430
#    Map file      =
#        "C:\Users\dong\Desktop\MSP430
#        Code\test_dilithium3_yb\Debug\List\test_dilithium3_yb.map"
#    Output file 1 =
#        "C:\Users\dong\Desktop\MSP430
#        Code\test_dilithium3_yb\Debug\Exe\test_dilithium3_yb.d43"
#                  =  Format: debug
#                  =  UBROF version 11.1.1
#                  =  Using library modules for C-SPY (-rt)
#    Command line  =
#        -f "C:\Users\dong\Desktop\MSP430
#        Code\test_dilithium3_yb\Debug\Exe\test_dilithium3_yb.d43.rsp"
#        ("C:\Users\dong\Desktop\MSP430
#        Code\test_dilithium3_yb\Debug\Obj\asm_basemul.r43"
#        "C:\Users\dong\Desktop\MSP430
#        Code\test_dilithium3_yb\Debug\Obj\asm_basemul_fnt769.r43"
#        "C:\Users\dong\Desktop\MSP430
#        Code\test_dilithium3_yb\Debug\Obj\asm_fnt769_v2.r43"
#        "C:\Users\dong\Desktop\MSP430
#        Code\test_dilithium3_yb\Debug\Obj\asm_invfnt769_v2.r43"
#        "C:\Users\dong\Desktop\MSP430
#        Code\test_dilithium3_yb\Debug\Obj\asm_InvNTT.r43"
#        "C:\Users\dong\Desktop\MSP430
#        Code\test_dilithium3_yb\Debug\Obj\asm_NTT.r43"
#        "C:\Users\dong\Desktop\MSP430
#        Code\test_dilithium3_yb\Debug\Obj\asm_reduce.r43"
#        "C:\Users\dong\Desktop\MSP430
#        Code\test_dilithium3_yb\Debug\Obj\asm_sha3.r43"
#        "C:\Users\dong\Desktop\MSP430
#        Code\test_dilithium3_yb\Debug\Obj\fips202.r43"
#        "C:\Users\dong\Desktop\MSP430
#        Code\test_dilithium3_yb\Debug\Obj\fnt_main.r43"
#        "C:\Users\dong\Desktop\MSP430
#        Code\test_dilithium3_yb\Debug\Obj\main.r43"
#        "C:\Users\dong\Desktop\MSP430
#        Code\test_dilithium3_yb\Debug\Obj\ntt.r43"
#        "C:\Users\dong\Desktop\MSP430
#        Code\test_dilithium3_yb\Debug\Obj\packing.r43"
#        "C:\Users\dong\Desktop\MSP430
#        Code\test_dilithium3_yb\Debug\Obj\poly.r43"
#        "C:\Users\dong\Desktop\MSP430
#        Code\test_dilithium3_yb\Debug\Obj\polyvec.r43"
#        "C:\Users\dong\Desktop\MSP430
#        Code\test_dilithium3_yb\Debug\Obj\randombytes.r43"
#        "C:\Users\dong\Desktop\MSP430
#        Code\test_dilithium3_yb\Debug\Obj\reduce.r43"
#        "C:\Users\dong\Desktop\MSP430
#        Code\test_dilithium3_yb\Debug\Obj\rounding.r43"
#        "C:\Users\dong\Desktop\MSP430
#        Code\test_dilithium3_yb\Debug\Obj\sign.r43"
#        "C:\Users\dong\Desktop\MSP430
#        Code\test_dilithium3_yb\Debug\Obj\symmetric-shake.r43" --output
#        "C:\Users\dong\Desktop\MSP430
#        Code\test_dilithium3_yb\Debug\Exe\test_dilithium3_yb.d43" -l
#        "C:\Users\dong\Desktop\MSP430
#        Code\test_dilithium3_yb\Debug\List\test_dilithium3_yb.map" -xams
#        "-IC:\Program Files\IAR Systems\Embedded Workbench 9.1\430\LIB\\" --f
#        "C:\Program Files\IAR Systems\Embedded Workbench
#        9.1\430\config\linker\lnk430f67791.xcl" (-cmsp430 -QCODE_I=CODE_ID
#        -QTLS16_I=TLS16_ID -D__iar_HWMUL=4C0 "-Z(CONST)INFO=1800-19FF"
#        "-Z(CONST)INFOA=1980-19FF" "-Z(CONST)INFOB=1900-197F"
#        "-Z(CONST)INFOC=1880-18FF" "-Z(CONST)INFOD=1800-187F"
#        "-Z(DATA)DATA16_I,DATA16_Z,DATA16_N,TLS16_I=1C00-9BFF"
#        "-Z(DATA)DATA16_HEAP+_DATA16_HEAP_SIZE" "-Z(DATA)CODE_I"
#        "-Z(DATA)DATA20_I,DATA20_Z,DATA20_N,DATA20_HEAP+_DATA20_HEAP_SIZE"
#        "-Z(DATA)CSTACK+_STACK_SIZE#"
#        "-Z(CONST)DATA16_C,DATA16_ID,TLS16_ID,DIFUNCT,CHECKSUM=C000-FF7F"
#        "-Z(CODE)CSTART,ISR_CODE,CODE16=C000-FF7F"
#        "-P(CODE)CODE=C000-FF7F,10000-8BFF7"
#        "-Z(CONST)DATA20_C,DATA20_ID,CODE_ID=C000-FF7F,10040-8BFF7"
#        "-Z(CODE)INTVEC=FF80-FFFF" "-Z(CODE)RESET=FFFE-FFFF") -f "C:\Program
#        Files\IAR Systems\Embedded Workbench
#        9.1\430\config\linker\multiplier32.xcl" (-e?Mul8Hw=?Mul8
#        -e?Mul16Hw=?Mul16 -e?Mul16to32uHw=?Mul16to32u
#        -e?Mul16to32sHw=?Mul16to32s -e?Mul32Hw32=?Mul32 -e?Mul64Hw32=_Mul64i
#        -e?Mul32u32uto64iHw32=_Mul32u32uto64i -e?Mul32fHw32=_Mul32f
#        -e_Mul64fHw32Ptr=_Mul64fPtr) -D_STACK_SIZE=7530 -rt "C:\Program
#        Files\IAR Systems\Embedded Workbench 9.1\430\lib\dlib\dl430xlsfn.r43"
#        -e_PrintfLarge=_Printf -e_ScanfLarge=_Scanf -D_DATA16_HEAP_SIZE=FA0
#        --entry __program_start -D_DATA20_HEAP_SIZE=50 --text_out locale)
#
###############################################################################






                ****************************************
                *                                      *
                *            PROGRAM ENTRY             *
                *                                      *
                ****************************************

  ADDRESS  SPACE  TYPE         MODULE
  -------  -----  ----         ------
   0xC6E0         Relocatable  ?cstart




                ****************************************
                *                                      *
                *            RUNTIME MODEL             *
                *                                      *
                ****************************************

  ATTRIBUTE                   VALUE
  ---------                   -----
  __Heap_Handler              Basic
  __SystemLibrary             DLib
  __code_model                large
  __core                      430X
  __data_model                small
  __dlib_file_descriptor      0
  __dlib_full_locale_support  0
  __double_size               32
  __pic                       no
  __reg_r4                    free
  __reg_r5                    free
  __rt_version                3


                ****************************************
                *                                      *
                *    AUTOMATIC SYMBOL REDIRECTIONS     *
                *                                      *
                ****************************************

                   There are no automatic symbol redirections.



                ****************************************
                *                                      *
                *              ENTRY LIST              *
                *                                      *
                ****************************************

ENTRY                           SPACE  ADDRESS     KIND  TYPE  MODULE
-----                           -----  -------     ----  ----  ------
__MSP430F6745__                            0x0000  Loc         asm_basemul
__MSP430F6745__                            0x0000  Loc         asm_basemul_fnt769
__MSP430F6745__                            0x0000  Loc         asm_fnt769_v2
__MSP430F6745__                            0x0000  Loc         asm_invfnt769_v2
__MSP430F6745__                            0x0000  Loc         asm_InvNTT
__MSP430F6745__                            0x0000  Loc         asm_NTT
__MSP430F6745__                            0x0000  Loc         asm_reduce
__MSP430F6745__                            0x0000  Loc         asm_keccak1600 [0]
_DATA20_HEAP_SIZE                          0x0050  Pub         ?ABS_ENTRY_MOD [1]
__iar_HWMUL                                0x04C0  Pub         ?ABS_ENTRY_MOD [1]
_DATA16_HEAP_SIZE                          0x0FA0  Pub         ?ABS_ENTRY_MOD [1]
FNT_Q2_zetas                               0x1C00  Pub   Data  fnt_main
FNT_Q2_zetas_asm                           0x1D00  Pub   Data  fnt_main
ret                                        0x1E00  Pub   Data  main
_STACK_SIZE                                0x7530  Pub         ?ABS_ENTRY_MOD [1]
KeccakF_RoundConstants                     0xC000  Loc   Data  fips202
zetas                                      0xC0C0  Loc   Data  ntt
__program_start                            0xC6E0  Pub         ?cstart [2]
?cstart_begin                              0xC6E0  Pub         ?cstart [2]
?cstart_init_zero                          0xC6E4  Pub         ?cstart [2]
?cstart_init_copy                          0xC6F0  Pub         ?cstart [2]
?cstart_call_main                          0xC700  Pub         ?cstart [2]
keccak_absorb                              0xC708  Loc   Code  fips202
?cstart_end                                0xC708  Pub         ?cstart [2]
asm_invfnt_merging                         0xEC9C  Pub   Code  asm_invfnt769_v2
layer12_merge_out                          0xECB8  Loc         asm_invfnt769_v2
layer12_merge_in                           0xECC4  Loc         asm_invfnt769_v2
layer34_merge_out                          0xEDDC  Loc         asm_invfnt769_v2
layer34_merge_in                           0xEDE8  Loc         asm_invfnt769_v2
layer57_merge                              0xEEFC  Loc         asm_invfnt769_v2
final_barrett_reduce                       0xF1BC  Loc         asm_invfnt769_v2
crypto_sign_signature                      0xF4A0  Pub   Code  sign
crypto_sign_keypair                        0xFA5A  Pub   Code  sign
poly_uniform_eta                           0xFE74  Pub   Code  poly
make_hint                                  0xFF48  Pub   Code  rounding
?reset_vector                              0xFFFE  Pub         ?reset_vector [2]
asm_keccak1600                         0x00010000  Pub         asm_keccak1600 [0]
asm_invntt_merging                     0x0002C99A  Pub         asm_InvNTT
layer12_merge                          0x0002C9B4  Loc         asm_InvNTT
layer34_merge                          0x00034A20  Loc         asm_InvNTT
poly34_1                               0x00034A20  Loc         asm_InvNTT
poly34_2                               0x00034C2C  Loc         asm_InvNTT
poly34_3                               0x00034E38  Loc         asm_InvNTT
poly34_4                               0x00035040  Loc         asm_InvNTT
poly34_5                               0x0003524C  Loc         asm_InvNTT
poly34_6                               0x00035458  Loc         asm_InvNTT
poly34_7                               0x00035664  Loc         asm_InvNTT
poly34_8                               0x00035870  Loc         asm_InvNTT
poly34_9                               0x00035A7C  Loc         asm_InvNTT
poly34_10                              0x00035C86  Loc         asm_InvNTT
poly34_11                              0x00035E90  Loc         asm_InvNTT
poly34_12                              0x0003609C  Loc         asm_InvNTT
poly34_13                              0x000362A4  Loc         asm_InvNTT
poly34_14                              0x000364B0  Loc         asm_InvNTT
poly34_15                              0x000366BC  Loc         asm_InvNTT
poly34_16                              0x000368C8  Loc         asm_InvNTT
layer56_merge                          0x00036AD4  Loc         asm_InvNTT
poly56_1                               0x00036AD4  Loc         asm_InvNTT
poly56_2                               0x00036CE0  Loc         asm_InvNTT
poly56_3                               0x00036EEC  Loc         asm_InvNTT
poly56_4                               0x000370F8  Loc         asm_InvNTT
layer78_merge                          0x00037304  Loc         asm_InvNTT
last_mont                              0x00037504  Loc         asm_InvNTT
loop_N                                 0x00037514  Loc         asm_InvNTT
asm_ntt_merging                        0x0003759E  Pub         asm_NTT
layer12_merge                          0x000375BC  Loc         asm_NTT
layer34_merge                          0x000377B4  Loc         asm_NTT
poly34_1                               0x000377B4  Loc         asm_NTT
poly34_2                               0x000379B0  Loc         asm_NTT
poly34_3                               0x00037BAC  Loc         asm_NTT
poly34_4                               0x00037DA8  Loc         asm_NTT
layer56_merge                          0x00037FA4  Loc         asm_NTT
poly56_1                               0x00037FA4  Loc         asm_NTT
poly56_2                               0x0003819E  Loc         asm_NTT
poly56_3                               0x0003839A  Loc         asm_NTT
poly56_4                               0x00038596  Loc         asm_NTT
poly56_5                               0x00038792  Loc         asm_NTT
poly56_6                               0x0003898E  Loc         asm_NTT
poly56_7                               0x00038B8A  Loc         asm_NTT
poly56_8                               0x00038D86  Loc         asm_NTT
poly56_9                               0x00038F82  Loc         asm_NTT
poly56_10                              0x0003917E  Loc         asm_NTT
poly56_11                              0x0003937A  Loc         asm_NTT
poly56_12                              0x00039576  Loc         asm_NTT
poly56_13                              0x00039772  Loc         asm_NTT
poly56_14                              0x0003996C  Loc         asm_NTT
poly56_15                              0x00039B64  Loc         asm_NTT
poly56_16                              0x00039D60  Loc         asm_NTT
layer78_merge                          0x00039F54  Loc         asm_NTT
KeccakF1600_StatePermute               0x00041BC6  Loc   Code  fips202
asm_fnt_merging                        0x00043E8E  Pub   Code  asm_fnt769_v2
layer13_merge                          0x00043EB0  Loc         asm_fnt769_v2
layer45_merge_out                      0x000441A6  Loc         asm_fnt769_v2
layer45_merge_in                       0x000441AC  Loc         asm_fnt769_v2
layer67_merge_out                      0x000442C4  Loc         asm_fnt769_v2
layer67_merge_in                       0x000442CA  Loc         asm_fnt769_v2
crypto_sign_verify                     0x000443EE  Pub   Code  sign
polyt0_unpack                          0x0004472A  Pub   Code  poly
keccak_squeezeblocks                   0x0004495E  Loc   Code  fips202
?Subroutine4                           0x00044A06  Loc         fips202
keccak_inc_absorb                      0x00044A0E  Loc   Code  fips202
shake128_inc_init                      0x00044B6A  Pub   Code  fips202
shake128_inc_absorb                    0x00044B6C  Pub   Code  fips202
?Subroutine2                           0x00044B74  Loc         fips202
shake128_inc_finalize                  0x00044B84  Pub   Code  fips202
?Subroutine1                           0x00044BC2  Loc         fips202
shake128_inc_squeeze                   0x00044BD6  Pub   Code  fips202
?Subroutine7                           0x00044BDC  Loc         fips202
shake128_inc_ctx_release               0x00044BE2  Pub   Code  fips202
shake256_inc_init                      0x00044BE4  Pub   Code  fips202
shake256_inc_absorb                    0x00044BE6  Pub   Code  fips202
shake256_inc_finalize                  0x00044BEA  Pub   Code  fips202
shake256_inc_squeeze                   0x00044C2C  Pub   Code  fips202
shake256_inc_ctx_release               0x00044C3C  Pub   Code  fips202
shake256                               0x00044C3E  Pub   Code  fips202
?Subroutine0                           0x00044CF2  Loc         fips202
asm_pointwise_fnt                      0x00044D3E  Pub   Code  asm_basemul_fnt769
round1                                 0x00044D5C  Loc         asm_basemul_fnt769
round2                                 0x00044E1A  Loc         asm_basemul_fnt769
ntt                                    0x00044F0A  Pub   Code  ntt
?Subroutine0                           0x00044FA8  Loc         ntt
invntt_tomont                          0x00044FB0  Pub   Code  ntt
polyt0_pack                            0x000450BE  Pub   Code  poly
poly_make_hint                         0x00045264  Pub   Code  poly
?Subroutine0                           0x00045292  Loc         poly
poly_use_hint                          0x00045298  Pub   Code  poly
poly_chknorm                           0x000452C4  Pub   Code  poly
rej_uniform                            0x00045398  Loc   Code  poly
?Subroutine1                           0x000453FC  Loc         polyvec
polyvecl_ntt                           0x00045406  Pub   Code  polyvec
?Subroutine4                           0x00045430  Loc         polyvec
?Subroutine5                           0x0004543A  Loc         polyvec
polyvecl_chknorm                       0x00045444  Pub   Code  polyvec
polyveck_reduce                        0x000454A6  Pub   Code  polyvec
polyveck_caddq                         0x000454DE  Pub   Code  polyvec
polyveck_invntt_tomont                 0x0004551C  Pub   Code  polyvec
keccak_inc_squeeze                     0x00045554  Loc   Code  fips202
poly_challenge                         0x000456A4  Pub   Code  poly
unpack_pk_rho                          0x000457E4  Pub   Code  packing
pack_sk_rho_tr_key                     0x00045802  Pub   Code  packing
unpack_sk_rho_tr_key                   0x00045860  Pub   Code  packing
pack_sig_setup                         0x000458BC  Pub   Code  packing
poly_uniform                           0x00045902  Pub   Code  poly
asm_poly_pointwise_mont                0x000459D6  Pub         asm_basemul
f_start                                0x00045A04  Loc         asm_basemul
poly_shiftl                            0x00045A88  Pub   Code  poly
main                                   0x00045B38  Pub   Code  main
use_hint                               0x00045BD8  Pub   Code  rounding
polyeta_unpack                         0x00045C74  Pub   Code  poly
polyz_unpack                           0x00045D0A  Pub   Code  poly
decompose                              0x00045D9A  Pub   Code  rounding
polyt1_unpack                          0x00045E28  Pub   Code  poly
asm_poly_reduce32                      0x00045EB2  Pub         asm_reduce
reduce32_start                         0x00045EE0  Loc         asm_reduce
pack_pk                                0x00045F36  Pub   Code  packing
freeze                                 0x00045FBA  Pub   Code  reduce
unpack_sig_c_z                         0x00046034  Pub   Code  packing
dilithium_shake128_stream_init         0x000460A6  Pub   Code  symmetric-shake
?Subroutine0                           0x000460D8  Loc         symmetric-shake
dilithium_shake256_stream_init         0x000460DE  Pub   Code  symmetric-shake
polyz_pack                             0x00046114  Pub   Code  poly
rej_eta                                0x0004617E  Loc   Code  poly
power2round                            0x000461E8  Pub   Code  rounding
montgomery_reduce                      0x0004624A  Pub   Code  reduce
polyt1_pack                            0x000462A8  Pub   Code  poly
poly_sub                               0x00046304  Pub   Code  poly
poly_add                               0x00046358  Pub   Code  poly
reduce32                               0x000463AC  Pub   Code  reduce
poly_pointwise_montgomery              0x000463FC  Pub   Code  poly
polyw1_pack                            0x0004644A  Pub   Code  poly
randombytes                            0x00046492  Pub   Code  randombytes
polyeta_pack                           0x000464D4  Pub   Code  poly
?ShiftRight64u_7                       0x00046510  Pub         ?ShiftRight64u_n [2]
?ShiftRight64u_6                       0x00046518  Pub         ?ShiftRight64u_n [2]
?ShiftRight64u_5                       0x00046520  Pub         ?ShiftRight64u_n [2]
?ShiftRight64u_4                       0x00046528  Pub         ?ShiftRight64u_n [2]
?ShiftRight64u_3                       0x00046530  Pub         ?ShiftRight64u_n [2]
?ShiftRight64u_2                       0x00046538  Pub         ?ShiftRight64u_n [2]
?ShiftLeft64_7                         0x0004654A  Pub         ?ShiftLeft64_n [2]
?ShiftLeft64_6                         0x00046552  Pub         ?ShiftLeft64_n [2]
?ShiftLeft64_5                         0x0004655A  Pub         ?ShiftLeft64_n [2]
?ShiftLeft64_4                         0x00046562  Pub         ?ShiftLeft64_n [2]
?ShiftLeft64_3                         0x0004656A  Pub         ?ShiftLeft64_n [2]
poly_uniform_gamma1                    0x00046584  Pub   Code  poly
poly_decompose_a1                      0x000465BC  Pub   Code  poly
poly_power2round                       0x000465EC  Pub   Code  poly
caddq                                  0x00046618  Pub   Code  reduce
?ShiftRight64u                         0x00046644  Pub         ?ShiftRight64u [2]
?ShiftLeft64                           0x0004666A  Pub         ?ShiftLeft64 [2]
poly_caddq                             0x00046690  Pub   Code  poly
poly_reduce                            0x000466B6  Pub   Code  poly
poly_decompose_a0                      0x000466DC  Pub   Code  poly
?ShiftRight32u_7                       0x000466FC  Pub         ?ShiftRight32u [2]
?ShiftRight32u_6                       0x00046700  Pub         ?ShiftRight32u [2]
?ShiftRight32u_5                       0x00046704  Pub         ?ShiftRight32u [2]
?ShiftRight32u_4                       0x00046708  Pub         ?ShiftRight32u [2]
?ShiftRight32u_3                       0x0004670C  Pub         ?ShiftRight32u [2]
?ShiftRight32u_2                       0x00046710  Pub         ?ShiftRight32u [2]
?ShiftLeft32_7                         0x0004671A  Pub         ?ShiftLeft32 [2]
?ShiftLeft32_6                         0x0004671E  Pub         ?ShiftLeft32 [2]
?ShiftLeft32_5                         0x00046722  Pub         ?ShiftLeft32 [2]
?ShiftLeft32_4                         0x00046726  Pub         ?ShiftLeft32 [2]
?ShiftLeft32_3                         0x0004672A  Pub         ?ShiftLeft32 [2]
?ShiftRight32s_7                       0x00046738  Pub         ?ShiftRight32s [2]
?ShiftRight32s_6                       0x0004673C  Pub         ?ShiftRight32s [2]
?ShiftRight32s_5                       0x00046740  Pub         ?ShiftRight32s [2]
?ShiftRight32s_4                       0x00046744  Pub         ?ShiftRight32s [2]
?ShiftRight32s_3                       0x00046748  Pub         ?ShiftRight32s [2]
?ShiftRight32s_2                       0x0004674C  Pub         ?ShiftRight32s [2]
__exit                                 0x00046756  Pub   Code  ?__exit [2]
memcpy                                 0x0004676A  Pub   Code  ?memcpy [2]
?ClearMemoryBytes                      0x0004677C  Pub         ?ClearMemoryBytes [2]
?ClearMemoryWords                      0x0004678C  Pub         ?ClearMemoryWords [2]
?CopyMemoryBytes                       0x0004679C  Pub         ?CopyMemoryBytes [2]
__data16_memzero                       0x000467AC  Pub   Code  ?memzero [2]
poly_invfnt                            0x000467BC  Pub   Code  fnt_main
poly_fnt                               0x000467C4  Pub   Code  fnt_main
poly_pointwise_fnt                     0x000467CC  Pub   Code  fnt_main
_exit                                  0x000467D4  Pub   Code  ?_exit [2]
poly_invntt_tomont                     0x000467D8  Pub   Code  poly
poly_ntt                               0x000467DC  Pub   Code  poly
__data16_memcpy                        0x000467E0  Pub   Code  ?memzero [2]
exit                                   0x000467E4  Pub   Code  ?exit [2]
__DebugBreak                           0x000467E8  Pub   Code  ?__dbg_break [2]

[0] = C:\Users\dong\Desktop\MSP430 Code\test_dilithium3_yb\Debug\Obj\asm_sha3.r43
[1] = Command line (linker generated)
[2] = C:\Program Files\IAR Systems\Embedded Workbench 9.1\430\lib\dlib\dl430xlsfn.r43


                ****************************************
                *                                      *
                *              MODULE MAP              *
                *                                      *
                ****************************************

Linker generated:
  Module: ?FILLER_BYTES
**************************************************************
Linker generated:
  Module: ?ABS_ENTRY_MOD

      Absolute module symbols:
        _DATA20_HEAP_SIZE  0x0050  Pub
        _DATA16_HEAP_SIZE  0x0FA0  Pub
        _STACK_SIZE        0x7530  Pub
        __iar_HWMUL        0x04C0  Pub
**************************************************************
File: C:\Users\dong\Desktop\MSP430 Code\test_dilithium3_yb\Debug\Obj\asm_basemul.r43
  Module: asm_basemul
       Segment part 0, <CODE> 2 [root]
                      (was CODE)
       Address:  0x000459D6 Size: 0xB2 Align: 2(1)
      asm_poly_pointwise_mont  0x000459D6  Pub
      f_start                  0x00045A04  Loc

      Absolute module symbols:
        __MSP430F6745__  0x0000  Loc
**************************************************************
File: C:\Users\dong\Desktop\MSP430 Code\test_dilithium3_yb\Debug\Obj\asm_basemul_fnt769.r43
  Module: asm_basemul_fnt769
       Segment part 0, <CODE> 2 [root]
                      (was CODE)
       Address:  0x00044D3E Size: 0x1CC Align: 2(1)
      asm_pointwise_fnt    0x00044D3E  Pub  Ref by:   poly_pointwise_fnt (fnt_main)
      round1               0x00044D5C  Loc
      round2               0x00044E1A  Loc

      Absolute module symbols:
        __MSP430F6745__  0x0000  Loc
**************************************************************
File: C:\Users\dong\Desktop\MSP430 Code\test_dilithium3_yb\Debug\Obj\asm_fnt769_v2.r43
  Module: asm_fnt769_v2
       Segment part 0, <CODE> 2 [root]
                      (was CODE)
       Address:  0x00043E8E Size: 0x560 Align: 2(1)
      asm_fnt_merging      0x00043E8E  Pub  Ref by:   poly_fnt (fnt_main)
      layer13_merge        0x00043EB0  Loc
      layer45_merge_out    0x000441A6  Loc
      layer45_merge_in     0x000441AC  Loc
      layer67_merge_out    0x000442C4  Loc
      layer67_merge_in     0x000442CA  Loc

      Absolute module symbols:
        __MSP430F6745__  0x0000  Loc
**************************************************************
File: C:\Users\dong\Desktop\MSP430 Code\test_dilithium3_yb\Debug\Obj\asm_invfnt769_v2.r43
  Module: asm_invfnt769_v2
       Segment part 0, <CODE> 1 [root]
                      (was CODE)
       Address:  0xEC9C Size: 0x804 Align: 2(1)
      asm_invfnt_merging    0xEC9C  Pub  Ref by:   poly_invfnt (fnt_main)
      layer12_merge_out     0xECB8  Loc
      layer12_merge_in      0xECC4  Loc
      layer34_merge_out     0xEDDC  Loc
      layer34_merge_in      0xEDE8  Loc
      layer57_merge         0xEEFC  Loc
      final_barrett_reduce  0xF1BC  Loc

      Absolute module symbols:
        __MSP430F6745__  0x0000  Loc
**************************************************************
File: C:\Users\dong\Desktop\MSP430 Code\test_dilithium3_yb\Debug\Obj\asm_InvNTT.r43
  Module: asm_InvNTT
       Segment part 0, <CODE> 2 [root]
                      (was CODE)
       Address:  0x0002C99A Size: 0xAC04 Align: 2(1)
      asm_invntt_merging   0x0002C99A  Pub
      layer12_merge        0x0002C9B4  Loc
      layer34_merge        0x00034A20  Loc
      poly34_1             0x00034A20  Loc
      poly34_2             0x00034C2C  Loc
      poly34_3             0x00034E38  Loc
      poly34_4             0x00035040  Loc
      poly34_5             0x0003524C  Loc
      poly34_6             0x00035458  Loc
      poly34_7             0x00035664  Loc
      poly34_8             0x00035870  Loc
      poly34_9             0x00035A7C  Loc
      poly34_10            0x00035C86  Loc
      poly34_11            0x00035E90  Loc
      poly34_12            0x0003609C  Loc
      poly34_13            0x000362A4  Loc
      poly34_14            0x000364B0  Loc
      poly34_15            0x000366BC  Loc
      poly34_16            0x000368C8  Loc
      layer56_merge        0x00036AD4  Loc
      poly56_1             0x00036AD4  Loc
      poly56_2             0x00036CE0  Loc
      poly56_3             0x00036EEC  Loc
      poly56_4             0x000370F8  Loc
      layer78_merge        0x00037304  Loc
      last_mont            0x00037504  Loc
      loop_N               0x00037514  Loc

      Absolute module symbols:
        __MSP430F6745__  0x0000  Loc
**************************************************************
File: C:\Users\dong\Desktop\MSP430 Code\test_dilithium3_yb\Debug\Obj\asm_NTT.r43
  Module: asm_NTT
       Segment part 0, <CODE> 2 [root]
                      (was CODE)
       Address:  0x0003759E Size: 0xA628 Align: 2(1)
      asm_ntt_merging      0x0003759E  Pub
      layer12_merge        0x000375BC  Loc
      layer34_merge        0x000377B4  Loc
      poly34_1             0x000377B4  Loc
      poly34_2             0x000379B0  Loc
      poly34_3             0x00037BAC  Loc
      poly34_4             0x00037DA8  Loc
      layer56_merge        0x00037FA4  Loc
      poly56_1             0x00037FA4  Loc
      poly56_2             0x0003819E  Loc
      poly56_3             0x0003839A  Loc
      poly56_4             0x00038596  Loc
      poly56_5             0x00038792  Loc
      poly56_6             0x0003898E  Loc
      poly56_7             0x00038B8A  Loc
      poly56_8             0x00038D86  Loc
      poly56_9             0x00038F82  Loc
      poly56_10            0x0003917E  Loc
      poly56_11            0x0003937A  Loc
      poly56_12            0x00039576  Loc
      poly56_13            0x00039772  Loc
      poly56_14            0x0003996C  Loc
      poly56_15            0x00039B64  Loc
      poly56_16            0x00039D60  Loc
      layer78_merge        0x00039F54  Loc

      Absolute module symbols:
        __MSP430F6745__  0x0000  Loc
**************************************************************
File: C:\Users\dong\Desktop\MSP430 Code\test_dilithium3_yb\Debug\Obj\asm_reduce.r43
  Module: asm_reduce
       Segment part 0, <CODE> 2 [root]
                      (was CODE)
       Address:  0x00045EB2 Size: 0x84 Align: 2(1)
      asm_poly_reduce32    0x00045EB2  Pub
      reduce32_start       0x00045EE0  Loc

      Absolute module symbols:
        __MSP430F6745__  0x0000  Loc
**************************************************************
File: C:\Users\dong\Desktop\MSP430 Code\test_dilithium3_yb\Debug\Obj\asm_sha3.r43
  Module: asm_keccak1600
       Segment part 0, <CODE> 2 [root]
                      (was CODE)
       Address:  0x00010000 Size: 0x1C99A Align: 2(1)
      asm_keccak1600       0x00010000  Pub

      Absolute module symbols:
        __MSP430F6745__  0x0000  Loc
**************************************************************
File: C:\Users\dong\Desktop\MSP430 Code\test_dilithium3_yb\Debug\Obj\fips202.r43
  Module: fips202
       Segment part 2, DATA16_C
       Address:  0xC000 Size: 0xC0 Align: 2(1)
       Ref by:   keccak_absorb
                 KeccakF1600_StatePermute
      KeccakF_RoundConstants  0xC000  Loc
    --------------------------------------------------
       Segment part 3, <CODE> 2
                      (was CODE)
       Address:  0x00041BC6 Size: 0x22C8 Align: 2(1)
       Ref by:   keccak_inc_squeeze
                 keccak_inc_absorb
                 keccak_squeezeblocks
      KeccakF1600_StatePermute  0x00041BC6  Loc
    --------------------------------------------------
       Segment part 4, <CODE> 1
                      (was CODE)
       Address:  0xC708 Size: 0x2594 Align: 2(1)
       Ref by:   shake256
      keccak_absorb        0xC708  Loc
    --------------------------------------------------
       Segment part 5, <CODE> 2
                      (was CODE)
       Address:  0x0004495E Size: 0xA8 Align: 2(1)
       Ref by:   shake256
      keccak_squeezeblocks  0x0004495E  Loc
    --------------------------------------------------
       Segment part 6, <CODE> 2
                      (was CODE)
       Address:  0x00044A06 Size: 0x8 Align: 2(1)
       Ref by:   keccak_inc_absorb
                 keccak_squeezeblocks
      ?Subroutine4         0x00044A06  Loc
    --------------------------------------------------
       Segment part 7, <CODE> 2
                      (was CODE)
       Address:  0x00044A0E Size: 0x15C Align: 2(1)
       Ref by:   Segment part 12
      keccak_inc_absorb    0x00044A0E  Loc
    --------------------------------------------------
       Segment part 8, <CODE> 2
                      (was CODE)
       Address:  0x00045554 Size: 0x150 Align: 2(1)
       Ref by:   ?Subroutine7
      keccak_inc_squeeze   0x00045554  Loc
    --------------------------------------------------
       Segment part 9, <CODE> 2
                      (was CODE)
       Address:  0x00044B6A Size: 0x2 Align: 2(1)
      shake128_inc_init    0x00044B6A  Pub  Ref by:   dilithium_shake128_stream_init (symmetric-shake)
    --------------------------------------------------
       Segment part 10, <CODE> 2
                      (was CODE)
       Address:  0x00044B6C Size: 0x8 Align: 2(1)
      shake128_inc_absorb  0x00044B6C  Pub  Ref by:   dilithium_shake128_stream_init (symmetric-shake)
    --------------------------------------------------
       Segment part 11, <CODE> 2
                      (was CODE)
       Address:  0x00044B74 Size: 0x6 Align: 2(1)
       Ref by:   shake256_inc_absorb
      ?Subroutine2         0x00044B74  Loc
    --------------------------------------------------
       Segment part 12, <CODE> 2
                      (was CODE)
       Address:  0x00044B7A Size: 0xA Align: 2(1)
       Ref by:   ?Subroutine2
                 shake128_inc_absorb
    --------------------------------------------------
       Segment part 13, <CODE> 2
                      (was CODE)
       Address:  0x00044B84 Size: 0x3E Align: 2(1)
      shake128_inc_finalize  0x00044B84  Pub  Ref by:   dilithium_shake128_stream_init (symmetric-shake)
    --------------------------------------------------
       Segment part 14, <CODE> 2
                      (was CODE)
       Address:  0x00044BC2 Size: 0x14 Align: 2(1)
       Ref by:   shake256_inc_finalize
                 shake128_inc_finalize
      ?Subroutine1         0x00044BC2  Loc
    --------------------------------------------------
       Segment part 15, <CODE> 2
                      (was CODE)
       Address:  0x00044BD6 Size: 0x6 Align: 2(1)
      shake128_inc_squeeze  0x00044BD6  Pub  Ref by:   poly_uniform (poly)
    --------------------------------------------------
       Segment part 16, <CODE> 2
                      (was CODE)
       Address:  0x00044BDC Size: 0x6 Align: 2(1)
       Ref by:   shake256_inc_squeeze
                 shake128_inc_squeeze
      ?Subroutine7         0x00044BDC  Loc
    --------------------------------------------------
       Segment part 18, <CODE> 2
                      (was CODE)
       Address:  0x00044BE2 Size: 0x2 Align: 2(1)
      shake128_inc_ctx_release  0x00044BE2  Pub  Ref by:   poly_uniform (poly)
    --------------------------------------------------
       Segment part 19, <CODE> 2
                      (was CODE)
       Address:  0x00044BE4 Size: 0x2 Align: 2(1)
      shake256_inc_init    0x00044BE4  Pub  Ref by:   dilithium_shake256_stream_init (symmetric-shake)
                                                      crypto_sign_verify (sign)
                                                      crypto_sign_signature (sign)
                                                      poly_challenge (poly)
    --------------------------------------------------
       Segment part 20, <CODE> 2
                      (was CODE)
       Address:  0x00044BE6 Size: 0x4 Align: 2(1)
      shake256_inc_absorb  0x00044BE6  Pub  Ref by:   dilithium_shake256_stream_init (symmetric-shake)
                                                      crypto_sign_verify (sign)
                                                      crypto_sign_signature (sign)
                                                      poly_challenge (poly)
    --------------------------------------------------
       Segment part 21, <CODE> 2
                      (was CODE)
       Address:  0x00044BEA Size: 0x42 Align: 2(1)
      shake256_inc_finalize  0x00044BEA  Pub  Ref by:   dilithium_shake256_stream_init (symmetric-shake)
                                                        crypto_sign_verify (sign)
                                                        crypto_sign_signature (sign)
                                                        poly_challenge (poly)
    --------------------------------------------------
       Segment part 22, <CODE> 2
                      (was CODE)
       Address:  0x00044C2C Size: 0xA Align: 2(1)
      shake256_inc_squeeze  0x00044C2C  Pub  Ref by:   crypto_sign_verify (sign)
                                                       crypto_sign_signature (sign)
                                                       poly_challenge (poly)
                                                       poly_uniform_gamma1 (poly)
                                                       poly_uniform_eta (poly)
    --------------------------------------------------
       Segment part 24, <CODE> 2
                      (was CODE)
       Address:  0x00044C36 Size: 0x6 Align: 2(1)
       Ref by:   ?Subroutine7
    --------------------------------------------------
       Segment part 26, <CODE> 2
                      (was CODE)
       Address:  0x00044C3C Size: 0x2 Align: 2(1)
      shake256_inc_ctx_release  0x00044C3C  Pub  Ref by:   crypto_sign_verify (sign)
                                                           crypto_sign_signature (sign)
                                                           poly_challenge (poly)
                                                           poly_uniform_gamma1 (poly)
                                                           poly_uniform_eta (poly)
    --------------------------------------------------
       Segment part 38, <CODE> 2
                      (was CODE)
       Address:  0x00044C3E Size: 0xB4 Align: 2(1)
      shake256             0x00044C3E  Pub  Ref by:   crypto_sign_verify (sign)
                                                      crypto_sign_signature (sign)
                                                      crypto_sign_keypair (sign)
    --------------------------------------------------
       Segment part 40, <CODE> 2
                      (was CODE)
       Address:  0x00044CF2 Size: 0x4C Align: 2(1)
       Ref by:   shake256_inc_init
                 shake128_inc_init
      ?Subroutine0         0x00044CF2  Loc

      Absolute module symbols:
        store64              0x0000  Pub
        keccak_inc_init      0x0000  Pub
        keccak_inc_finalize  0x0000  Pub
**************************************************************
File: C:\Users\dong\Desktop\MSP430 Code\test_dilithium3_yb\Debug\Obj\fnt_main.r43
  Module: fnt_main
       Segment part 6, DATA16_I
       Address:  0x1C00 Size: 0x100 Align: 2(1)
       Ref by:   poly_pointwise_fnt
      FNT_Q2_zetas         0x1C00  Pub
    --------------------------------------------------
       Segment part 8, DATA16_I
       Address:  0x1D00 Size: 0x100 Align: 2(1)
       Ref by:   poly_invfnt
                 poly_fnt
      FNT_Q2_zetas_asm     0x1D00  Pub
    --------------------------------------------------
       Segment part 20, <CODE> 2
                      (was CODE)
       Address:  0x000467C4 Size: 0x8 Align: 2(1)
      poly_fnt             0x000467C4  Pub  Ref by:   crypto_sign_signature (sign)
    --------------------------------------------------
       Segment part 21, <CODE> 2
                      (was CODE)
       Address:  0x000467BC Size: 0x8 Align: 2(1)
      poly_invfnt          0x000467BC  Pub  Ref by:   crypto_sign_signature (sign)
    --------------------------------------------------
       Segment part 22, <CODE> 2
                      (was CODE)
       Address:  0x000467CC Size: 0x8 Align: 2(1)
      poly_pointwise_fnt   0x000467CC  Pub  Ref by:   crypto_sign_signature (sign)
    --------------------------------------------------
       Segment part 7, DATA16_ID
       Address:  0xC4E0 Size: 0x100 Align: 2(1)
       Ref by:   FNT_Q2_zetas
    --------------------------------------------------
       Segment part 9, DATA16_ID
       Address:  0xC5E0 Size: 0x100 Align: 2(1)
       Ref by:   FNT_Q2_zetas_asm

      Absolute module symbols:
        fnt769_montgomery_reduce  0x0000  Pub
**************************************************************
File: C:\Users\dong\Desktop\MSP430 Code\test_dilithium3_yb\Debug\Obj\main.r43
  Module: main
       Segment part 6, DATA16_Z
       Address:  0x1E00 Size: 0x2 Align: 2(1)
       Ref by:   main
      ret                  0x1E00  Pub
    --------------------------------------------------
       Segment part 7, <CODE> 2
                      (was CODE)
       Address:  0x00045B38 Size: 0xA0 Align: 2(1)
      main                 0x00045B38  Pub  Ref by:   Segment part 27 (?cstart)
    --------------------------------------------------
       Segment part 4, DATA16_C
       Address:  0xC4C0 Size: 0x20 Align: 1(0)
       Ref by:   main
**************************************************************
File: C:\Users\dong\Desktop\MSP430 Code\test_dilithium3_yb\Debug\Obj\ntt.r43
  Module: ntt
       Segment part 2, DATA16_C
       Address:  0xC0C0 Size: 0x400 Align: 2(1)
       Ref by:   invntt_tomont
                 ntt
      zetas                0xC0C0  Loc
    --------------------------------------------------
       Segment part 3, <CODE> 2
                      (was CODE)
       Address:  0x00044F0A Size: 0x9E Align: 2(1)
      ntt                  0x00044F0A  Pub  Ref by:   poly_ntt (poly)
    --------------------------------------------------
       Segment part 4, <CODE> 2
                      (was CODE)
       Address:  0x00044FA8 Size: 0x8 Align: 2(1)
       Ref by:   invntt_tomont
                 ntt
      ?Subroutine0         0x00044FA8  Loc
    --------------------------------------------------
       Segment part 5, <CODE> 2
                      (was CODE)
       Address:  0x00044FB0 Size: 0x10E Align: 2(1)
      invntt_tomont        0x00044FB0  Pub  Ref by:   poly_invntt_tomont (poly)
**************************************************************
File: C:\Users\dong\Desktop\MSP430 Code\test_dilithium3_yb\Debug\Obj\packing.r43
  Module: packing
       Segment part 2, <CODE> 2
                      (was CODE)
       Address:  0x00045F36 Size: 0x84 Align: 2(1)
      pack_pk              0x00045F36  Pub  Ref by:   crypto_sign_keypair (sign)
    --------------------------------------------------
       Segment part 5, <CODE> 2
                      (was CODE)
       Address:  0x000457E4 Size: 0x1E Align: 2(1)
      unpack_pk_rho        0x000457E4  Pub  Ref by:   crypto_sign_verify (sign)
    --------------------------------------------------
       Segment part 9, <CODE> 2
                      (was CODE)
       Address:  0x00045802 Size: 0x5E Align: 2(1)
      pack_sk_rho_tr_key   0x00045802  Pub  Ref by:   crypto_sign_keypair (sign)
    --------------------------------------------------
       Segment part 13, <CODE> 2
                      (was CODE)
       Address:  0x00045860 Size: 0x5C Align: 2(1)
      unpack_sk_rho_tr_key  0x00045860  Pub  Ref by:   crypto_sign_signature (sign)
    --------------------------------------------------
       Segment part 16, <CODE> 2
                      (was CODE)
       Address:  0x000458BC Size: 0x46 Align: 2(1)
      pack_sig_setup       0x000458BC  Pub  Ref by:   crypto_sign_signature (sign)
    --------------------------------------------------
       Segment part 20, <CODE> 2
                      (was CODE)
       Address:  0x00046034 Size: 0x72 Align: 2(1)
      unpack_sig_c_z       0x00046034  Pub  Ref by:   crypto_sign_verify (sign)
**************************************************************
File: C:\Users\dong\Desktop\MSP430 Code\test_dilithium3_yb\Debug\Obj\poly.r43
  Module: poly
       Segment part 2, <CODE> 2
                      (was CODE)
       Address:  0x000466B6 Size: 0x26 Align: 2(1)
      poly_reduce          0x000466B6  Pub  Ref by:   crypto_sign_verify (sign)
                                                      crypto_sign_signature (sign)
                                                      polyveck_reduce (polyvec)
                                                      ?Subroutine1 (polyvec)
    --------------------------------------------------
       Segment part 3, <CODE> 2
                      (was CODE)
       Address:  0x00046690 Size: 0x26 Align: 2(1)
      poly_caddq           0x00046690  Pub  Ref by:   crypto_sign_verify (sign)
                                                      crypto_sign_keypair (sign)
                                                      polyveck_caddq (polyvec)
    --------------------------------------------------
       Segment part 5, <CODE> 2
                      (was CODE)
       Address:  0x00046358 Size: 0x54 Align: 2(1)
      poly_add             0x00046358  Pub  Ref by:   crypto_sign_verify (sign)
                                                      crypto_sign_signature (sign)
                                                      crypto_sign_keypair (sign)
    --------------------------------------------------
       Segment part 6, <CODE> 2
                      (was CODE)
       Address:  0x00046304 Size: 0x54 Align: 2(1)
      poly_sub             0x00046304  Pub  Ref by:   crypto_sign_verify (sign)
                                                      crypto_sign_signature (sign)
    --------------------------------------------------
       Segment part 7, <CODE> 2
                      (was CODE)
       Address:  0x00045A88 Size: 0xB0 Align: 2(1)
      poly_shiftl          0x00045A88  Pub  Ref by:   crypto_sign_verify (sign)
    --------------------------------------------------
       Segment part 8, <CODE> 2
                      (was CODE)
       Address:  0x000467DC Size: 0x4 Align: 2(1)
      poly_ntt             0x000467DC  Pub  Ref by:   crypto_sign_verify (sign)
                                                      crypto_sign_signature (sign)
                                                      crypto_sign_keypair (sign)
                                                      ?Subroutine4 (polyvec)
                                                      polyvecl_ntt (polyvec)
    --------------------------------------------------
       Segment part 9, <CODE> 2
                      (was CODE)
       Address:  0x000467D8 Size: 0x4 Align: 2(1)
      poly_invntt_tomont   0x000467D8  Pub  Ref by:   crypto_sign_verify (sign)
                                                      crypto_sign_signature (sign)
                                                      polyveck_invntt_tomont (polyvec)
                                                      ?Subroutine5 (polyvec)
    --------------------------------------------------
       Segment part 10, <CODE> 2
                      (was CODE)
       Address:  0x000463FC Size: 0x4E Align: 2(1)
      poly_pointwise_montgomery  0x000463FC  Pub  Ref by:   crypto_sign_verify (sign)
                                                            crypto_sign_signature (sign)
                                                            crypto_sign_keypair (sign)
    --------------------------------------------------
       Segment part 11, <CODE> 2
                      (was CODE)
       Address:  0x000465EC Size: 0x2C Align: 2(1)
      poly_power2round     0x000465EC  Pub  Ref by:   crypto_sign_keypair (sign)
    --------------------------------------------------
       Segment part 13, <CODE> 2
                      (was CODE)
       Address:  0x000465BC Size: 0x30 Align: 2(1)
      poly_decompose_a1    0x000465BC  Pub  Ref by:   crypto_sign_signature (sign)
    --------------------------------------------------
       Segment part 14, <CODE> 2
                      (was CODE)
       Address:  0x000466DC Size: 0x20 Align: 2(1)
      poly_decompose_a0    0x000466DC  Pub  Ref by:   crypto_sign_signature (sign)
    --------------------------------------------------
       Segment part 15, <CODE> 2
                      (was CODE)
       Address:  0x00045264 Size: 0x2E Align: 2(1)
      poly_make_hint       0x00045264  Pub  Ref by:   crypto_sign_signature (sign)
    --------------------------------------------------
       Segment part 16, <CODE> 2
                      (was CODE)
       Address:  0x00045292 Size: 0x6 Align: 2(1)
       Ref by:   rej_uniform
                 poly_make_hint
      ?Subroutine0         0x00045292  Loc
    --------------------------------------------------
       Segment part 17, <CODE> 2
                      (was CODE)
       Address:  0x00045298 Size: 0x2C Align: 2(1)
      poly_use_hint        0x00045298  Pub  Ref by:   crypto_sign_verify (sign)
    --------------------------------------------------
       Segment part 18, <CODE> 2
                      (was CODE)
       Address:  0x000452C4 Size: 0xD4 Align: 2(1)
      poly_chknorm         0x000452C4  Pub  Ref by:   crypto_sign_signature (sign)
                                                      polyvecl_chknorm (polyvec)
    --------------------------------------------------
       Segment part 19, <CODE> 2
                      (was CODE)
       Address:  0x00045398 Size: 0x64 Align: 2(1)
       Ref by:   poly_uniform
      rej_uniform          0x00045398  Loc
    --------------------------------------------------
       Segment part 20, <CODE> 2
                      (was CODE)
       Address:  0x00045902 Size: 0xD4 Align: 2(1)
      poly_uniform         0x00045902  Pub  Ref by:   crypto_sign_verify (sign)
                                                      crypto_sign_signature (sign)
                                                      crypto_sign_keypair (sign)
    --------------------------------------------------
       Segment part 21, <CODE> 2
                      (was CODE)
       Address:  0x0004617E Size: 0x6A Align: 2(1)
       Ref by:   poly_uniform_eta
      rej_eta              0x0004617E  Loc
    --------------------------------------------------
       Segment part 22, <CODE> 1
                      (was CODE)
       Address:  0xFE74 Size: 0xD4 Align: 2(1)
      poly_uniform_eta     0xFE74  Pub  Ref by:   crypto_sign_keypair (sign)
    --------------------------------------------------
       Segment part 24, <CODE> 2
                      (was CODE)
       Address:  0x00046584 Size: 0x38 Align: 2(1)
      poly_uniform_gamma1  0x00046584  Pub  Ref by:   crypto_sign_signature (sign)
    --------------------------------------------------
       Segment part 25, <CODE> 2
                      (was CODE)
       Address:  0x000456A4 Size: 0x140 Align: 2(1)
      poly_challenge       0x000456A4  Pub  Ref by:   crypto_sign_verify (sign)
                                                      crypto_sign_signature (sign)
    --------------------------------------------------
       Segment part 26, <CODE> 2
                      (was CODE)
       Address:  0x000464D4 Size: 0x3C Align: 2(1)
      polyeta_pack         0x000464D4  Pub  Ref by:   crypto_sign_keypair (sign)
    --------------------------------------------------
       Segment part 27, <CODE> 2
                      (was CODE)
       Address:  0x00045C74 Size: 0x96 Align: 2(1)
      polyeta_unpack       0x00045C74  Pub  Ref by:   crypto_sign_signature (sign)
    --------------------------------------------------
       Segment part 28, <CODE> 2
                      (was CODE)
       Address:  0x000462A8 Size: 0x5C Align: 2(1)
      polyt1_pack          0x000462A8  Pub  Ref by:   pack_pk (packing)
    --------------------------------------------------
       Segment part 29, <CODE> 2
                      (was CODE)
       Address:  0x00045E28 Size: 0x8A Align: 2(1)
      polyt1_unpack        0x00045E28  Pub  Ref by:   crypto_sign_verify (sign)
    --------------------------------------------------
       Segment part 30, <CODE> 2
                      (was CODE)
       Address:  0x000450BE Size: 0x1A6 Align: 2(1)
      polyt0_pack          0x000450BE  Pub  Ref by:   crypto_sign_keypair (sign)
    --------------------------------------------------
       Segment part 31, <CODE> 2
                      (was CODE)
       Address:  0x0004472A Size: 0x234 Align: 2(1)
      polyt0_unpack        0x0004472A  Pub  Ref by:   crypto_sign_signature (sign)
    --------------------------------------------------
       Segment part 32, <CODE> 2
                      (was CODE)
       Address:  0x00046114 Size: 0x6A Align: 2(1)
      polyz_pack           0x00046114  Pub  Ref by:   crypto_sign_signature (sign)
    --------------------------------------------------
       Segment part 23, <CODE> 2
                      (was CODE)
       Address:  0x00045D0A Size: 0x90 Align: 2(1)
       Ref by:   poly_uniform_gamma1
      polyz_unpack         0x00045D0A  Pub  Ref by:   unpack_sig_c_z (packing)
    --------------------------------------------------
       Segment part 33, <CODE> 2
                      (was CODE)
       Address:  0x0004644A Size: 0x48 Align: 2(1)
      polyw1_pack          0x0004644A  Pub  Ref by:   crypto_sign_verify (sign)
                                                      crypto_sign_signature (sign)
**************************************************************
File: C:\Users\dong\Desktop\MSP430 Code\test_dilithium3_yb\Debug\Obj\polyvec.r43
  Module: polyvec
       Segment part 8, <CODE> 2
                      (was CODE)
       Address:  0x000453FC Size: 0xA Align: 2(1)
       Ref by:   polyveck_reduce
      ?Subroutine1         0x000453FC  Loc
    --------------------------------------------------
       Segment part 13, <CODE> 2
                      (was CODE)
       Address:  0x00045406 Size: 0x2A Align: 2(1)
      polyvecl_ntt         0x00045406  Pub  Ref by:   crypto_sign_verify (sign)
    --------------------------------------------------
       Segment part 14, <CODE> 2
                      (was CODE)
       Address:  0x00045430 Size: 0xA Align: 2(1)
       Ref by:   polyvecl_ntt
      ?Subroutine4         0x00045430  Loc
    --------------------------------------------------
       Segment part 16, <CODE> 2
                      (was CODE)
       Address:  0x0004543A Size: 0xA Align: 2(1)
       Ref by:   polyveck_invntt_tomont
      ?Subroutine5         0x0004543A  Loc
    --------------------------------------------------
       Segment part 20, <CODE> 2
                      (was CODE)
       Address:  0x00045444 Size: 0x62 Align: 2(1)
      polyvecl_chknorm     0x00045444  Pub  Ref by:   crypto_sign_verify (sign)
    --------------------------------------------------
       Segment part 22, <CODE> 2
                      (was CODE)
       Address:  0x000454A6 Size: 0x38 Align: 2(1)
      polyveck_reduce      0x000454A6  Pub  Ref by:   crypto_sign_signature (sign)
                                                      crypto_sign_keypair (sign)
    --------------------------------------------------
       Segment part 23, <CODE> 2
                      (was CODE)
       Address:  0x000454DE Size: 0x3E Align: 2(1)
      polyveck_caddq       0x000454DE  Pub  Ref by:   crypto_sign_signature (sign)
    --------------------------------------------------
       Segment part 29, <CODE> 2
                      (was CODE)
       Address:  0x0004551C Size: 0x38 Align: 2(1)
      polyveck_invntt_tomont  0x0004551C  Pub  Ref by:   crypto_sign_signature (sign)
                                                         crypto_sign_keypair (sign)
**************************************************************
File: C:\Users\dong\Desktop\MSP430 Code\test_dilithium3_yb\Debug\Obj\randombytes.r43
  Module: randombytes
       Segment part 2, <CODE> 2
                      (was CODE)
       Address:  0x00046492 Size: 0x42 Align: 2(1)
      randombytes          0x00046492  Pub  Ref by:   crypto_sign_keypair (sign)
**************************************************************
File: C:\Users\dong\Desktop\MSP430 Code\test_dilithium3_yb\Debug\Obj\reduce.r43
  Module: reduce
       Segment part 2, <CODE> 2
                      (was CODE)
       Address:  0x0004624A Size: 0x5E Align: 2(1)
      montgomery_reduce    0x0004624A  Pub  Ref by:   poly_pointwise_montgomery (poly)
                                                      invntt_tomont (ntt)
                                                      ntt (ntt)
    --------------------------------------------------
       Segment part 3, <CODE> 2
                      (was CODE)
       Address:  0x000463AC Size: 0x50 Align: 2(1)
      reduce32             0x000463AC  Pub  Ref by:   poly_reduce (poly)
    --------------------------------------------------
       Segment part 4, <CODE> 2
                      (was CODE)
       Address:  0x00046618 Size: 0x2C Align: 2(1)
      caddq                0x00046618  Pub  Ref by:   poly_caddq (poly)
    --------------------------------------------------
       Segment part 5, <CODE> 2
                      (was CODE)
       Address:  0x00045FBA Size: 0x7A Align: 2(1)
      freeze               0x00045FBA  Pub  Ref by:   rej_uniform (poly)
**************************************************************
File: C:\Users\dong\Desktop\MSP430 Code\test_dilithium3_yb\Debug\Obj\rounding.r43
  Module: rounding
       Segment part 2, <CODE> 2
                      (was CODE)
       Address:  0x000461E8 Size: 0x62 Align: 2(1)
      power2round          0x000461E8  Pub  Ref by:   poly_power2round (poly)
    --------------------------------------------------
       Segment part 3, <CODE> 2
                      (was CODE)
       Address:  0x00045D9A Size: 0x8E Align: 2(1)
      decompose            0x00045D9A  Pub  Ref by:   poly_decompose_a0 (poly)
                                                      poly_decompose_a1 (poly)
    --------------------------------------------------
       Segment part 4, <CODE> 1
                      (was CODE)
       Address:  0xFF48 Size: 0x38 Align: 2(1)
      make_hint            0xFF48  Pub  Ref by:   poly_make_hint (poly)
    --------------------------------------------------
       Segment part 5, <CODE> 2
                      (was CODE)
       Address:  0x00045BD8 Size: 0x9C Align: 2(1)
      use_hint             0x00045BD8  Pub  Ref by:   poly_use_hint (poly)
**************************************************************
File: C:\Users\dong\Desktop\MSP430 Code\test_dilithium3_yb\Debug\Obj\sign.r43
  Module: sign
       Segment part 2, <CODE> 1
                      (was CODE)
       Address:  0xFA5A Size: 0x41A Align: 2(1)
      crypto_sign_keypair  0xFA5A  Pub  Ref by:   main (main)
    --------------------------------------------------
       Segment part 3, <CODE> 1
                      (was CODE)
       Address:  0xF4A0 Size: 0x5BA Align: 2(1)
      crypto_sign_signature  0xF4A0  Pub  Ref by:   main (main)
    --------------------------------------------------
       Segment part 5, <CODE> 2
                      (was CODE)
       Address:  0x000443EE Size: 0x33C Align: 2(1)
      crypto_sign_verify   0x000443EE  Pub  Ref by:   main (main)
**************************************************************
File: C:\Users\dong\Desktop\MSP430 Code\test_dilithium3_yb\Debug\Obj\symmetric-shake.r43
  Module: symmetric-shake
       Segment part 2, <CODE> 2
                      (was CODE)
       Address:  0x000460A6 Size: 0x32 Align: 2(1)
      dilithium_shake128_stream_init  0x000460A6  Pub  Ref by:   poly_uniform (poly)
    --------------------------------------------------
       Segment part 3, <CODE> 2
                      (was CODE)
       Address:  0x000460D8 Size: 0x6 Align: 2(1)
       Ref by:   dilithium_shake256_stream_init
                 dilithium_shake128_stream_init
      ?Subroutine0         0x000460D8  Loc
    --------------------------------------------------
       Segment part 4, <CODE> 2
                      (was CODE)
       Address:  0x000460DE Size: 0x36 Align: 2(1)
      dilithium_shake256_stream_init  0x000460DE  Pub  Ref by:   poly_uniform_gamma1 (poly)
                                                                 poly_uniform_eta (poly)
**************************************************************
File: C:\Program Files\IAR Systems\Embedded Workbench 9.1\430\lib\dlib\dl430xlsfn.r43
  Module: ?abort
  ============================================================
  Module: ?__dbg_break
       Segment part 2, <CODE> 2
                      (was CODE)
       Address:  0x000467E8 Size: 0x2 Align: 2(1)
      __DebugBreak         0x000467E8  Pub  Ref by:   __exit (?__exit)
  ============================================================
  Module: ?__dwrite
  ============================================================
  Module: ?__exit
       Segment part 2, <CODE> 2
                      (was CODE)
       Address:  0x00046756 Size: 0x14 Align: 2(1)
      __exit               0x00046756  Pub  Ref by:   Segment part 6 (?_exit)
                                                      _exit (?_exit)
  ============================================================
  Module: ?__write
  ============================================================
  Module: ?_exit
       Segment part 0, <CODE> 2
                      (was CODE)
       Address:  0x000467D4 Size: 0x0 Align: 2(1)
      _exit                0x000467D4  Pub  Ref by:   exit (?exit)
    --------------------------------------------------
       Segment part 6, <CODE> 2
                      (was CODE)
       Address:  0x000467D4 Size: 0x4 Align: 2(1)
       Ref by:   _exit
  ============================================================
  Module: ?cppinit
  ============================================================
  Module: ?cstart
       Segment part 1, CSTACK
       Address:  0x26D0 Size: 0x0 Align: 2(1)
    --------------------------------------------------
       Segment part 2, DATA16_Z
       Address:  0x1E02 Size: 0x0 Align: 2(1)
    --------------------------------------------------
       Segment part 3, DATA16_I
       Address:  0x1E00 Size: 0x0 Align: 2(1)
    --------------------------------------------------
       Segment part 4, DATA16_ID
       Address:  0xC6E0 Size: 0x0 Align: 2(1)
    --------------------------------------------------
       Segment part 5, CODE_I
       Address:  0x1E02 Size: 0x0 Align: 2(1)
    --------------------------------------------------
       Segment part 6, CODE_ID
       Address:  0x000467EA Size: 0x0 Align: 2(1)
    --------------------------------------------------
       Segment part 7, DATA20_Z
       Address:  0x1E02 Size: 0x0 Align: 2(1)
    --------------------------------------------------
       Segment part 8, DATA20_I
       Address:  0x1E02 Size: 0x0 Align: 2(1)
    --------------------------------------------------
       Segment part 9, DATA20_ID
       Address:  0x000467EA Size: 0x0 Align: 2(1)
    --------------------------------------------------
       Segment part 10, DATA20_C
       Address:  0x000467EA Size: 0x0 Align: 2(1)
    --------------------------------------------------
       Segment part 12, DATA20_N
       Address:  0x1E02 Size: 0x0 Align: 2(1)
    --------------------------------------------------
       Segment part 15, CSTART
       Address:  0xC6E0 Size: 0x4 Align: 2(1)
      __program_start      0xC6E0  Pub  Ref by:   ?reset_vector (?reset_vector)
                                                  Absolute parts (?ABS_ENTRY_MOD)
      ?cstart_begin        0xC6E0  Pub
    --------------------------------------------------
       Segment part 20, CSTART
       Address:  0xC6E4 Size: 0xC Align: 2(1)
      ?cstart_init_zero    0xC6E4  Pub  Ref by:   ret (main)
    --------------------------------------------------
       Segment part 21, CSTART
       Address:  0xC6F0 Size: 0x10 Align: 2(1)
      ?cstart_init_copy    0xC6F0  Pub  Ref by:   FNT_Q2_zetas_asm (fnt_main)
                                                  FNT_Q2_zetas (fnt_main)
    --------------------------------------------------
       Segment part 27, CSTART
       Address:  0xC700 Size: 0x8 Align: 2(1)
       Ref by:   Segment part 15
      ?cstart_call_main    0xC700  Pub
      ?cstart_end          0xC708  Pub
  ============================================================
  Module: lowinit
  ============================================================
  Module: ?reset_vector
       Segment part 0, RESET
       Address:  0xFFFE Size: 0x2 Align: 2(1)
      ?reset_vector        0xFFFE  Pub  Ref by:   Segment part 15 (?cstart)
  ============================================================
  Module: ?div64i
  ============================================================
  Module: ?exit
       Segment part 2, <CODE> 2
                      (was CODE)
       Address:  0x000467E4 Size: 0x4 Align: 2(1)
      exit                 0x000467E4  Pub  Ref by:   Segment part 27 (?cstart)
  ============================================================
  Module: ?FrwpInit
  ============================================================
  Module: ?malloc
  ============================================================
  Module: ?ShiftLeft32
       Segment part 1, <CODE> 2
                      (was CODE)
       Address:  0x0004671A Size: 0x4 Align: 2(1)
      ?ShiftLeft32_7       0x0004671A  Pub  Ref by:   polyt0_unpack (poly)
                                                      keccak_absorb (fips202)
                                                      KeccakF1600_StatePermute (fips202)
    --------------------------------------------------
       Segment part 2, <CODE> 2
                      (was CODE)
       Address:  0x0004671E Size: 0x4 Align: 2(1)
       Ref by:   ?ShiftLeft32_7
      ?ShiftLeft32_6       0x0004671E  Pub  Ref by:   polyt0_unpack (poly)
                                                      polyt1_unpack (poly)
    --------------------------------------------------
       Segment part 3, <CODE> 2
                      (was CODE)
       Address:  0x00046722 Size: 0x4 Align: 2(1)
       Ref by:   ?ShiftLeft32_6
      ?ShiftLeft32_5       0x00046722  Pub  Ref by:   polyt0_unpack (poly)
    --------------------------------------------------
       Segment part 4, <CODE> 2
                      (was CODE)
       Address:  0x00046726 Size: 0x4 Align: 2(1)
       Ref by:   ?ShiftLeft32_5
      ?ShiftLeft32_4       0x00046726  Pub
    --------------------------------------------------
       Segment part 5, <CODE> 2
                      (was CODE)
       Address:  0x0004672A Size: 0xE Align: 2(1)
       Ref by:   ?ShiftLeft32_4
      ?ShiftLeft32_3       0x0004672A  Pub
  ============================================================
  Module: ?ShiftLeft64
       Segment part 0, <CODE> 2
                      (was CODE)
       Address:  0x0004666A Size: 0x26 Align: 2(1)
      ?ShiftLeft64         0x0004666A  Pub  Ref by:   shake256_inc_finalize (fips202)
                                                      shake128_inc_finalize (fips202)
                                                      keccak_inc_absorb (fips202)
  ============================================================
  Module: ?ShiftLeft64_n
       Segment part 0, <CODE> 2
                      (was CODE)
       Address:  0x0004654A Size: 0x8 Align: 2(1)
      ?ShiftLeft64_7       0x0004654A  Pub  Ref by:   keccak_absorb (fips202)
                                                      KeccakF1600_StatePermute (fips202)
    --------------------------------------------------
       Segment part 1, <CODE> 2
                      (was CODE)
       Address:  0x00046552 Size: 0x8 Align: 2(1)
       Ref by:   ?ShiftLeft64_7
      ?ShiftLeft64_6       0x00046552  Pub  Ref by:   keccak_absorb (fips202)
                                                      KeccakF1600_StatePermute (fips202)
    --------------------------------------------------
       Segment part 2, <CODE> 2
                      (was CODE)
       Address:  0x0004655A Size: 0x8 Align: 2(1)
       Ref by:   ?ShiftLeft64_6
      ?ShiftLeft64_5       0x0004655A  Pub  Ref by:   keccak_absorb (fips202)
                                                      KeccakF1600_StatePermute (fips202)
    --------------------------------------------------
       Segment part 3, <CODE> 2
                      (was CODE)
       Address:  0x00046562 Size: 0x8 Align: 2(1)
       Ref by:   ?ShiftLeft64_5
      ?ShiftLeft64_4       0x00046562  Pub  Ref by:   keccak_absorb (fips202)
                                                      KeccakF1600_StatePermute (fips202)
    --------------------------------------------------
       Segment part 4, <CODE> 2
                      (was CODE)
       Address:  0x0004656A Size: 0x1A Align: 2(1)
       Ref by:   ?ShiftLeft64_4
      ?ShiftLeft64_3       0x0004656A  Pub
  ============================================================
  Module: ?ShiftRight32s
       Segment part 1, <CODE> 2
                      (was CODE)
       Address:  0x00046738 Size: 0x4 Align: 2(1)
      ?ShiftRight32s_7     0x00046738  Pub  Ref by:   use_hint (rounding)
                                                      decompose (rounding)
    --------------------------------------------------
       Segment part 2, <CODE> 2
                      (was CODE)
       Address:  0x0004673C Size: 0x4 Align: 2(1)
       Ref by:   ?ShiftRight32s_7
      ?ShiftRight32s_6     0x0004673C  Pub
    --------------------------------------------------
       Segment part 3, <CODE> 2
                      (was CODE)
       Address:  0x00046740 Size: 0x4 Align: 2(1)
       Ref by:   ?ShiftRight32s_6
      ?ShiftRight32s_5     0x00046740  Pub
    --------------------------------------------------
       Segment part 4, <CODE> 2
                      (was CODE)
       Address:  0x00046744 Size: 0x4 Align: 2(1)
       Ref by:   ?ShiftRight32s_5
      ?ShiftRight32s_4     0x00046744  Pub
    --------------------------------------------------
       Segment part 5, <CODE> 2
                      (was CODE)
       Address:  0x00046748 Size: 0x4 Align: 2(1)
       Ref by:   ?ShiftRight32s_4
      ?ShiftRight32s_3     0x00046748  Pub
    --------------------------------------------------
       Segment part 6, <CODE> 2
                      (was CODE)
       Address:  0x0004674C Size: 0xA Align: 2(1)
       Ref by:   ?ShiftRight32s_3
      ?ShiftRight32s_2     0x0004674C  Pub
  ============================================================
  Module: ?ShiftRight32u
       Segment part 1, <CODE> 2
                      (was CODE)
       Address:  0x000466FC Size: 0x4 Align: 2(1)
      ?ShiftRight32u_7     0x000466FC  Pub  Ref by:   keccak_absorb (fips202)
                                                      KeccakF1600_StatePermute (fips202)
    --------------------------------------------------
       Segment part 2, <CODE> 2
                      (was CODE)
       Address:  0x00046700 Size: 0x4 Align: 2(1)
       Ref by:   ?ShiftRight32u_7
      ?ShiftRight32u_6     0x00046700  Pub  Ref by:   keccak_absorb (fips202)
                                                      KeccakF1600_StatePermute (fips202)
    --------------------------------------------------
       Segment part 3, <CODE> 2
                      (was CODE)
       Address:  0x00046704 Size: 0x4 Align: 2(1)
       Ref by:   ?ShiftRight32u_6
      ?ShiftRight32u_5     0x00046704  Pub  Ref by:   keccak_absorb (fips202)
                                                      KeccakF1600_StatePermute (fips202)
    --------------------------------------------------
       Segment part 4, <CODE> 2
                      (was CODE)
       Address:  0x00046708 Size: 0x4 Align: 2(1)
       Ref by:   ?ShiftRight32u_5
      ?ShiftRight32u_4     0x00046708  Pub
    --------------------------------------------------
       Segment part 5, <CODE> 2
                      (was CODE)
       Address:  0x0004670C Size: 0x4 Align: 2(1)
       Ref by:   ?ShiftRight32u_4
      ?ShiftRight32u_3     0x0004670C  Pub
    --------------------------------------------------
       Segment part 6, <CODE> 2
                      (was CODE)
       Address:  0x00046710 Size: 0xA Align: 2(1)
       Ref by:   ?ShiftRight32u_3
      ?ShiftRight32u_2     0x00046710  Pub
  ============================================================
  Module: ?ShiftRight64u
       Segment part 0, <CODE> 2
                      (was CODE)
       Address:  0x00046644 Size: 0x26 Align: 2(1)
      ?ShiftRight64u       0x00046644  Pub  Ref by:   keccak_inc_squeeze (fips202)
  ============================================================
  Module: ?ShiftRight64u_n
       Segment part 0, <CODE> 2
                      (was CODE)
       Address:  0x00046510 Size: 0x8 Align: 2(1)
      ?ShiftRight64u_7     0x00046510  Pub  Ref by:   freeze (reduce)
                                                      reduce32 (reduce)
                                                      keccak_absorb (fips202)
                                                      KeccakF1600_StatePermute (fips202)
    --------------------------------------------------
       Segment part 1, <CODE> 2
                      (was CODE)
       Address:  0x00046518 Size: 0x8 Align: 2(1)
       Ref by:   ?ShiftRight64u_7
      ?ShiftRight64u_6     0x00046518  Pub
    --------------------------------------------------
       Segment part 2, <CODE> 2
                      (was CODE)
       Address:  0x00046520 Size: 0x8 Align: 2(1)
       Ref by:   ?ShiftRight64u_6
      ?ShiftRight64u_5     0x00046520  Pub  Ref by:   power2round (rounding)
                                                      keccak_absorb (fips202)
                                                      KeccakF1600_StatePermute (fips202)
    --------------------------------------------------
       Segment part 3, <CODE> 2
                      (was CODE)
       Address:  0x00046528 Size: 0x8 Align: 2(1)
       Ref by:   ?ShiftRight64u_5
      ?ShiftRight64u_4     0x00046528  Pub
    --------------------------------------------------
       Segment part 4, <CODE> 2
                      (was CODE)
       Address:  0x00046530 Size: 0x8 Align: 2(1)
       Ref by:   ?ShiftRight64u_4
      ?ShiftRight64u_3     0x00046530  Pub
    --------------------------------------------------
       Segment part 5, <CODE> 2
                      (was CODE)
       Address:  0x00046538 Size: 0x12 Align: 2(1)
       Ref by:   ?ShiftRight64u_3
      ?ShiftRight64u_2     0x00046538  Pub
  ============================================================
  Module: ?memcpy
       Segment part 2, <CODE> 2
                      (was CODE)
       Address:  0x0004676A Size: 0x12 Align: 2(1)
      memcpy               0x0004676A  Pub  Ref by:   __data16_memcpy (?memzero)
  ============================================================
  Module: ?memmove
  ============================================================
  Module: ?CopyMemoryBytes
       Segment part 0, <CODE> 2
                      (was CODE)
       Address:  0x0004679C Size: 0x10 Align: 2(1)
      ?CopyMemoryBytes     0x0004679C  Pub  Ref by:   main (main)
  ============================================================
  Module: ?ClearMemoryBytes
       Segment part 0, <CODE> 2
                      (was CODE)
       Address:  0x0004677C Size: 0x10 Align: 2(1)
      ?ClearMemoryBytes    0x0004677C  Pub  Ref by:   main (main)
  ============================================================
  Module: ?ClearMemoryWords
       Segment part 0, <CODE> 2
                      (was CODE)
       Address:  0x0004678C Size: 0x10 Align: 2(1)
      ?ClearMemoryWords    0x0004678C  Pub  Ref by:   main (main)
  ============================================================
  Module: ?memzero
       Segment part 2, <CODE> 2
                      (was CODE)
       Address:  0x000467AC Size: 0x10 Align: 2(1)
      __data16_memzero     0x000467AC  Pub  Ref by:   ?cstart_init_zero (?cstart)
    --------------------------------------------------
       Segment part 3, <CODE> 2
                      (was CODE)
       Address:  0x000467E0 Size: 0x4 Align: 2(1)
      __data16_memcpy      0x000467E0  Pub  Ref by:   ?cstart_init_copy (?cstart)
  ============================================================
  Module: ?MpuInit
  ============================================================
  Module: ?Mul64Hw32
  ============================================================
  Module: ?setjmp
  ============================================================
  Module: ?longjmp
  ============================================================
  Module: ?IndCallR11
  ============================================================
  Module: ?IndCallR15
  ============================================================
  Module: ?xcloseall
  ============================================================
  Module: ?xgetmemchunk
  ============================================================
  Module: ?xxmemxfree
  ============================================================
  Module: ?xxmemxmalloc


                ****************************************
                *                                      *
                *      SEGMENTS IN ADDRESS ORDER       *
                *                                      *
                ****************************************

SEGMENT    SPACE     START/END ADDRESS        SIZE  TYPE  ALIGN
-------    -----   ---------------------      ----  ----  -----
DATA16_I              0x1C00 - 0x1DFF        0x200   rel   2(1)
DATA16_Z              0x1E00 - 0x1E01          0x2   rel   2(1)
DATA20_I                  0x1E02                     rel   2(1)
DATA20_Z                  0x1E02                     rel   2(1)
DATA20_N                  0x1E02                     rel   2(1)
CODE_I                    0x1E02                     rel   2(1)
CSTACK                0x26D0 - 0x9BFF       0x7530   rel   2(1)
DATA16_C              0xC000 - 0xC4DF        0x4E0   rel   2(1)
DATA16_ID             0xC4E0 - 0xC6DF        0x200   rel   2(1)
CSTART                0xC6E0 - 0xC707         0x28   rel   2(1)
<CODE> 1              0xC708 - 0xFF7F       0x3878   rel   2(1)
RESET                 0xFFFE - 0xFFFF          0x2   rel   2(1)
<CODE> 2          0x00010000 - 0x000467E9  0x367EA   rel   2(1)
CODE_ID                 0x000467EA                   rel   2(1)
DATA20_ID               0x000467EA                   rel   2(1)
DATA20_C                0x000467EA                   rel   2(1)

 237'708 bytes of CODE  memory
  30'514 bytes of DATA  memory
   1'760 bytes of CONST memory

Errors: none
Warnings: none
